Archive member included to satisfy reference by file (symbol)

c:/st/stm32cubeide_1.5.1/stm32cubeide/plugins/com.st.stm32cube.ide.mcu.externaltools.gnu-tools-for-stm32.9-2020-q2-update.win32_2.0.0.202105311346/tools/bin/../lib/gcc/arm-none-eabi/9.3.1/../../../../arm-none-eabi/lib/thumb/v7-m/nofp\libc_nano.a(lib_a-errno.o)
                              ./Core/Src/syscalls.o (__errno)
c:/st/stm32cubeide_1.5.1/stm32cubeide/plugins/com.st.stm32cube.ide.mcu.externaltools.gnu-tools-for-stm32.9-2020-q2-update.win32_2.0.0.202105311346/tools/bin/../lib/gcc/arm-none-eabi/9.3.1/../../../../arm-none-eabi/lib/thumb/v7-m/nofp\libc_nano.a(lib_a-exit.o)
                              c:/st/stm32cubeide_1.5.1/stm32cubeide/plugins/com.st.stm32cube.ide.mcu.externaltools.gnu-tools-for-stm32.9-2020-q2-update.win32_2.0.0.202105311346/tools/bin/../lib/gcc/arm-none-eabi/9.3.1/../../../../arm-none-eabi/lib/thumb/v7-m/nofp/crt0.o (exit)
c:/st/stm32cubeide_1.5.1/stm32cubeide/plugins/com.st.stm32cube.ide.mcu.externaltools.gnu-tools-for-stm32.9-2020-q2-update.win32_2.0.0.202105311346/tools/bin/../lib/gcc/arm-none-eabi/9.3.1/../../../../arm-none-eabi/lib/thumb/v7-m/nofp\libc_nano.a(lib_a-impure.o)
                              c:/st/stm32cubeide_1.5.1/stm32cubeide/plugins/com.st.stm32cube.ide.mcu.externaltools.gnu-tools-for-stm32.9-2020-q2-update.win32_2.0.0.202105311346/tools/bin/../lib/gcc/arm-none-eabi/9.3.1/../../../../arm-none-eabi/lib/thumb/v7-m/nofp\libc_nano.a(lib_a-exit.o) (_global_impure_ptr)
c:/st/stm32cubeide_1.5.1/stm32cubeide/plugins/com.st.stm32cube.ide.mcu.externaltools.gnu-tools-for-stm32.9-2020-q2-update.win32_2.0.0.202105311346/tools/bin/../lib/gcc/arm-none-eabi/9.3.1/../../../../arm-none-eabi/lib/thumb/v7-m/nofp\libc_nano.a(lib_a-init.o)
                              c:/st/stm32cubeide_1.5.1/stm32cubeide/plugins/com.st.stm32cube.ide.mcu.externaltools.gnu-tools-for-stm32.9-2020-q2-update.win32_2.0.0.202105311346/tools/bin/../lib/gcc/arm-none-eabi/9.3.1/../../../../arm-none-eabi/lib/thumb/v7-m/nofp/crt0.o (__libc_init_array)
c:/st/stm32cubeide_1.5.1/stm32cubeide/plugins/com.st.stm32cube.ide.mcu.externaltools.gnu-tools-for-stm32.9-2020-q2-update.win32_2.0.0.202105311346/tools/bin/../lib/gcc/arm-none-eabi/9.3.1/../../../../arm-none-eabi/lib/thumb/v7-m/nofp\libc_nano.a(lib_a-memset.o)
                              c:/st/stm32cubeide_1.5.1/stm32cubeide/plugins/com.st.stm32cube.ide.mcu.externaltools.gnu-tools-for-stm32.9-2020-q2-update.win32_2.0.0.202105311346/tools/bin/../lib/gcc/arm-none-eabi/9.3.1/../../../../arm-none-eabi/lib/thumb/v7-m/nofp/crt0.o (memset)
c:/st/stm32cubeide_1.5.1/stm32cubeide/plugins/com.st.stm32cube.ide.mcu.externaltools.gnu-tools-for-stm32.9-2020-q2-update.win32_2.0.0.202105311346/tools/bin/../lib/gcc/arm-none-eabi/9.3.1/../../../../arm-none-eabi/lib/thumb/v7-m/nofp\libc_nano.a(lib_a-sprintf.o)
                              ./Core/Src/main.o (sprintf)
c:/st/stm32cubeide_1.5.1/stm32cubeide/plugins/com.st.stm32cube.ide.mcu.externaltools.gnu-tools-for-stm32.9-2020-q2-update.win32_2.0.0.202105311346/tools/bin/../lib/gcc/arm-none-eabi/9.3.1/../../../../arm-none-eabi/lib/thumb/v7-m/nofp\libc_nano.a(lib_a-strlen.o)
                              ./Core/Src/main.o (strlen)
c:/st/stm32cubeide_1.5.1/stm32cubeide/plugins/com.st.stm32cube.ide.mcu.externaltools.gnu-tools-for-stm32.9-2020-q2-update.win32_2.0.0.202105311346/tools/bin/../lib/gcc/arm-none-eabi/9.3.1/../../../../arm-none-eabi/lib/thumb/v7-m/nofp\libc_nano.a(lib_a-nano-svfprintf.o)
                              c:/st/stm32cubeide_1.5.1/stm32cubeide/plugins/com.st.stm32cube.ide.mcu.externaltools.gnu-tools-for-stm32.9-2020-q2-update.win32_2.0.0.202105311346/tools/bin/../lib/gcc/arm-none-eabi/9.3.1/../../../../arm-none-eabi/lib/thumb/v7-m/nofp\libc_nano.a(lib_a-sprintf.o) (_svfprintf_r)
c:/st/stm32cubeide_1.5.1/stm32cubeide/plugins/com.st.stm32cube.ide.mcu.externaltools.gnu-tools-for-stm32.9-2020-q2-update.win32_2.0.0.202105311346/tools/bin/../lib/gcc/arm-none-eabi/9.3.1/../../../../arm-none-eabi/lib/thumb/v7-m/nofp\libc_nano.a(lib_a-nano-vfprintf_i.o)
                              c:/st/stm32cubeide_1.5.1/stm32cubeide/plugins/com.st.stm32cube.ide.mcu.externaltools.gnu-tools-for-stm32.9-2020-q2-update.win32_2.0.0.202105311346/tools/bin/../lib/gcc/arm-none-eabi/9.3.1/../../../../arm-none-eabi/lib/thumb/v7-m/nofp\libc_nano.a(lib_a-nano-svfprintf.o) (_printf_i)
c:/st/stm32cubeide_1.5.1/stm32cubeide/plugins/com.st.stm32cube.ide.mcu.externaltools.gnu-tools-for-stm32.9-2020-q2-update.win32_2.0.0.202105311346/tools/bin/../lib/gcc/arm-none-eabi/9.3.1/../../../../arm-none-eabi/lib/thumb/v7-m/nofp\libc_nano.a(lib_a-memchr-stub.o)
                              c:/st/stm32cubeide_1.5.1/stm32cubeide/plugins/com.st.stm32cube.ide.mcu.externaltools.gnu-tools-for-stm32.9-2020-q2-update.win32_2.0.0.202105311346/tools/bin/../lib/gcc/arm-none-eabi/9.3.1/../../../../arm-none-eabi/lib/thumb/v7-m/nofp\libc_nano.a(lib_a-nano-svfprintf.o) (memchr)
[...]
Memory Configuration

Name             Origin             Length             Attributes
RAM              0x0000000020000000 0x0000000000005000 xrw
FLASH            0x0000000008000000 0x0000000000020000 xr
*default*        0x0000000000000000 0xffffffffffffffff

Linker script and memory map

LOAD c:/st/stm32cubeide_1.5.1/stm32cubeide/plugins/com.st.stm32cube.ide.mcu.externaltools.gnu-tools-for-stm32.9-2020-q2-update.win32_2.0.0.202105311346/tools/bin/../lib/gcc/arm-none-eabi/9.3.1/thumb/v7-m/nofp/crti.o
LOAD c:/st/stm32cubeide_1.5.1/stm32cubeide/plugins/com.st.stm32cube.ide.mcu.externaltools.gnu-tools-for-stm32.9-2020-q2-update.win32_2.0.0.202105311346/tools/bin/../lib/gcc/arm-none-eabi/9.3.1/thumb/v7-m/nofp/crtbegin.o
LOAD c:/st/stm32cubeide_1.5.1/stm32cubeide/plugins/com.st.stm32cube.ide.mcu.externaltools.gnu-tools-for-stm32.9-2020-q2-update.win32_2.0.0.202105311346/tools/bin/../lib/gcc/arm-none-eabi/9.3.1/../../../../arm-none-eabi/lib/thumb/v7-m/nofp/crt0.o
LOAD ./Core/Src/main.o
LOAD ./Core/Src/stm32f1xx_hal_msp.o
LOAD ./Core/Src/stm32f1xx_it.o
LOAD ./Core/Src/syscalls.o
LOAD ./Core/Src/sysmem.o
LOAD ./Core/Src/system_stm32f1xx.o
LOAD ./Core/Startup/startup_stm32f103cbtx.o
LOAD ./Drivers/STM32F1xx_HAL_Driver/Src/stm32f1xx_hal.o
LOAD ./Drivers/STM32F1xx_HAL_Driver/Src/stm32f1xx_hal_adc.o
LOAD ./Drivers/STM32F1xx_HAL_Driver/Src/stm32f1xx_hal_adc_ex.o
LOAD ./Drivers/STM32F1xx_HAL_Driver/Src/stm32f1xx_hal_cortex.o
LOAD ./Drivers/STM32F1xx_HAL_Driver/Src/stm32f1xx_hal_dma.o
LOAD ./Drivers/STM32F1xx_HAL_Driver/Src/stm32f1xx_hal_exti.o
LOAD ./Drivers/STM32F1xx_HAL_Driver/Src/stm32f1xx_hal_flash.o
LOAD ./Drivers/STM32F1xx_HAL_Driver/Src/stm32f1xx_hal_flash_ex.o
LOAD ./Drivers/STM32F1xx_HAL_Driver/Src/stm32f1xx_hal_gpio.o
LOAD ./Drivers/STM32F1xx_HAL_Driver/Src/stm32f1xx_hal_gpio_ex.o
LOAD ./Drivers/STM32F1xx_HAL_Driver/Src/stm32f1xx_hal_pcd.o
LOAD ./Drivers/STM32F1xx_HAL_Driver/Src/stm32f1xx_hal_pcd_ex.o
LOAD ./Drivers/STM32F1xx_HAL_Driver/Src/stm32f1xx_hal_pwr.o
LOAD ./Drivers/STM32F1xx_HAL_Driver/Src/stm32f1xx_hal_rcc.o
LOAD ./Drivers/STM32F1xx_HAL_Driver/Src/stm32f1xx_hal_rcc_ex.o
LOAD ./Drivers/STM32F1xx_HAL_Driver/Src/stm32f1xx_hal_tim.o
LOAD ./Drivers/STM32F1xx_HAL_Driver/Src/stm32f1xx_hal_tim_ex.o
LOAD ./Drivers/STM32F1xx_HAL_Driver/Src/stm32f1xx_ll_usb.o
LOAD ./Middlewares/ST/STM32_USB_Device_Library/Class/CDC/Src/usbd_cdc.o
LOAD ./Middlewares/ST/STM32_USB_Device_Library/Core/Src/usbd_core.o
LOAD ./Middlewares/ST/STM32_USB_Device_Library/Core/Src/usbd_ctlreq.o
LOAD ./Middlewares/ST/STM32_USB_Device_Library/Core/Src/usbd_ioreq.o
LOAD ./USB_DEVICE/App/usb_device.o
LOAD ./USB_DEVICE/App/usbd_cdc_if.o
LOAD ./USB_DEVICE/App/usbd_desc.o
LOAD ./USB_DEVICE/Target/usbd_conf.o
START GROUP
LOAD c:/st/stm32cubeide_1.5.1/stm32cubeide/plugins/com.st.stm32cube.ide.mcu.externaltools.gnu-tools-for-stm32.9-2020-q2-update.win32_2.0.0.202105311346/tools/bin/../lib/gcc/arm-none-eabi/9.3.1/../../../../arm-none-eabi/lib/thumb/v7-m/nofp\libc_nano.a
LOAD c:/st/stm32cubeide_1.5.1/stm32cubeide/plugins/com.st.stm32cube.ide.mcu.externaltools.gnu-tools-for-stm32.9-2020-q2-update.win32_2.0.0.202105311346/tools/bin/../lib/gcc/arm-none-eabi/9.3.1/../../../../arm-none-eabi/lib/thumb/v7-m/nofp\libm.a
END GROUP
START GROUP
LOAD c:/st/stm32cubeide_1.5.1/stm32cubeide/plugins/com.st.stm32cube.ide.mcu.externaltools.gnu-tools-for-stm32.9-2020-q2-update.win32_2.0.0.202105311346/tools/bin/../lib/gcc/arm-none-eabi/9.3.1/thumb/v7-m/nofp\libgcc.a
LOAD c:/st/stm32cubeide_1.5.1/stm32cubeide/plugins/com.st.stm32cube.ide.mcu.externaltools.gnu-tools-for-stm32.9-2020-q2-update.win32_2.0.0.202105311346/tools/bin/../lib/gcc/arm-none-eabi/9.3.1/../../../../arm-none-eabi/lib/thumb/v7-m/nofp\libc_nano.a
END GROUP
START GROUP
LOAD c:/st/stm32cubeide_1.5.1/stm32cubeide/plugins/com.st.stm32cube.ide.mcu.externaltools.gnu-tools-for-stm32.9-2020-q2-update.win32_2.0.0.202105311346/tools/bin/../lib/gcc/arm-none-eabi/9.3.1/thumb/v7-m/nofp\libgcc.a
LOAD c:/st/stm32cubeide_1.5.1/stm32cubeide/plugins/com.st.stm32cube.ide.mcu.externaltools.gnu-tools-for-stm32.9-2020-q2-update.win32_2.0.0.202105311346/tools/bin/../lib/gcc/arm-none-eabi/9.3.1/../../../../arm-none-eabi/lib/thumb/v7-m/nofp\libc_nano.a
LOAD c:/st/stm32cubeide_1.5.1/stm32cubeide/plugins/com.st.stm32cube.ide.mcu.externaltools.gnu-tools-for-stm32.9-2020-q2-update.win32_2.0.0.202105311346/tools/bin/../lib/gcc/arm-none-eabi/9.3.1/../../../../arm-none-eabi/lib/thumb/v7-m/nofp\libnosys.a
END GROUP
START GROUP
LOAD c:/st/stm32cubeide_1.5.1/stm32cubeide/plugins/com.st.stm32cube.ide.mcu.externaltools.gnu-tools-for-stm32.9-2020-q2-update.win32_2.0.0.202105311346/tools/bin/../lib/gcc/arm-none-eabi/9.3.1/thumb/v7-m/nofp\libgcc.a
LOAD c:/st/stm32cubeide_1.5.1/stm32cubeide/plugins/com.st.stm32cube.ide.mcu.externaltools.gnu-tools-for-stm32.9-2020-q2-update.win32_2.0.0.202105311346/tools/bin/../lib/gcc/arm-none-eabi/9.3.1/../../../../arm-none-eabi/lib/thumb/v7-m/nofp\libc_nano.a
LOAD c:/st/stm32cubeide_1.5.1/stm32cubeide/plugins/com.st.stm32cube.ide.mcu.externaltools.gnu-tools-for-stm32.9-2020-q2-update.win32_2.0.0.202105311346/tools/bin/../lib/gcc/arm-none-eabi/9.3.1/../../../../arm-none-eabi/lib/thumb/v7-m/nofp\libnosys.a
END GROUP
LOAD c:/st/stm32cubeide_1.5.1/stm32cubeide/plugins/com.st.stm32cube.ide.mcu.externaltools.gnu-tools-for-stm32.9-2020-q2-update.win32_2.0.0.202105311346/tools/bin/../lib/gcc/arm-none-eabi/9.3.1/thumb/v7-m/nofp/crtend.o
LOAD c:/st/stm32cubeide_1.5.1/stm32cubeide/plugins/com.st.stm32cube.ide.mcu.externaltools.gnu-tools-for-stm32.9-2020-q2-update.win32_2.0.0.202105311346/tools/bin/../lib/gcc/arm-none-eabi/9.3.1/thumb/v7-m/nofp/crtn.o
                0x0000000020005000                _estack = (ORIGIN (RAM) + LENGTH (RAM))
                0x0000000000000200                _Min_Heap_Size = 0x200
                0x0000000000000400                _Min_Stack_Size = 0x400

.isr_vector     0x0000000008000000      0x10c
                0x0000000008000000                . = ALIGN (0x4)
 *(.isr_vector)
 .isr_vector    0x0000000008000000      0x10c ./Core/Startup/startup_stm32f103cbtx.o
                0x0000000008000000                g_pfnVectors
                0x000000000800010c                . = ALIGN (0x4)

.text           0x000000000800010c     0x8b28
                0x000000000800010c                . = ALIGN (0x4)
 *(.text)
 .text          0x000000000800010c       0x40 c:/st/stm32cubeide_1.5.1/stm32cubeide/plugins/com.st.stm32cube.ide.mcu.externaltools.gnu-tools-for-stm32.9-2020-q2-update.win32_2.0.0.202105311346/tools/bin/../lib/gcc/arm-none-eabi/9.3.1/thumb/v7-m/nofp/crtbegin.o
 .text          0x000000000800014c       0x10 c:/st/stm32cubeide_1.5.1/stm32cubeide/plugins/com.st.stm32cube.ide.mcu.externaltools.gnu-tools-for-stm32.9-2020-q2-update.win32_2.0.0.202105311346/tools/bin/../lib/gcc/arm-none-eabi/9.3.1/../../../../arm-none-eabi/lib/thumb/v7-m/nofp\libc_nano.a(lib_a-strlen.o)
                0x000000000800014c                strlen
 *(.text*)
 .text.main     0x000000000800015c       0xe8 ./Core/Src/main.o
                0x000000000800015c                main
 .text.SystemClock_Config
                0x0000000008000244       0xbc ./Core/Src/main.o
                0x0000000008000244                SystemClock_Config
 .text.MX_ADC1_Init
                0x0000000008000300      0x160 ./Core/Src/main.o
 .text.MX_DMA_Init
                0x0000000008000460       0x3c ./Core/Src/main.o
 .text.MX_GPIO_Init
                0x000000000800049c       0xa0 ./Core/Src/main.o
 .text.Error_Handler
                0x000000000800053c        0xc ./Core/Src/main.o
                0x000000000800053c                Error_Handler
 .text.HAL_MspInit
                0x0000000008000548       0x64 ./Core/Src/stm32f1xx_hal_msp.o
                0x0000000008000548                HAL_MspInit
 .text.HAL_ADC_MspInit
                0x00000000080005ac      0x100 ./Core/Src/stm32f1xx_hal_msp.o
                0x00000000080005ac                HAL_ADC_MspInit
 .text.NMI_Handler
                0x00000000080006ac        0xc ./Core/Src/stm32f1xx_it.o
                0x00000000080006ac                NMI_Handler
 .text.HardFault_Handler
                0x00000000080006b8        0x6 ./Core/Src/stm32f1xx_it.o
                0x00000000080006b8                HardFault_Handler
 .text.MemManage_Handler
                0x00000000080006be        0x6 ./Core/Src/stm32f1xx_it.o
                0x00000000080006be                MemManage_Handler
 .text.BusFault_Handler
                0x00000000080006c4        0x6 ./Core/Src/stm32f1xx_it.o
                0x00000000080006c4                BusFault_Handler
 .text.UsageFault_Handler
                0x00000000080006ca        0x6 ./Core/Src/stm32f1xx_it.o
                0x00000000080006ca                UsageFault_Handler
 .text.SVC_Handler
                0x00000000080006d0        0xc ./Core/Src/stm32f1xx_it.o
                0x00000000080006d0                SVC_Handler
 .text.DebugMon_Handler
                0x00000000080006dc        0xc ./Core/Src/stm32f1xx_it.o
                0x00000000080006dc                DebugMon_Handler
 .text.PendSV_Handler
                0x00000000080006e8        0xc ./Core/Src/stm32f1xx_it.o
                0x00000000080006e8                PendSV_Handler
 .text.SysTick_Handler
                0x00000000080006f4        0xc ./Core/Src/stm32f1xx_it.o
                0x00000000080006f4                SysTick_Handler
 .text.DMA1_Channel1_IRQHandler
                0x0000000008000700       0x14 ./Core/Src/stm32f1xx_it.o
                0x0000000008000700                DMA1_Channel1_IRQHandler
 .text.USB_LP_CAN1_RX0_IRQHandler
                0x0000000008000714       0x14 ./Core/Src/stm32f1xx_it.o
                0x0000000008000714                USB_LP_CAN1_RX0_IRQHandler
 .text._sbrk    0x0000000008000728       0x58 ./Core/Src/sysmem.o
                0x0000000008000728                _sbrk
 .text.SystemInit
                0x0000000008000780       0x68 ./Core/Src/system_stm32f1xx.o
                0x0000000008000780                SystemInit
 .text.Reset_Handler
                0x00000000080007e8       0x48 ./Core/Startup/startup_stm32f103cbtx.o
                0x00000000080007e8                Reset_Handler
 .text.Default_Handler
                0x0000000008000830        0x2 ./Core/Startup/startup_stm32f103cbtx.o
                0x0000000008000830                RTC_Alarm_IRQHandler
                0x0000000008000830                EXTI2_IRQHandler
                0x0000000008000830                TIM1_CC_IRQHandler
                0x0000000008000830                PVD_IRQHandler
                0x0000000008000830                EXTI3_IRQHandler
                0x0000000008000830                EXTI0_IRQHandler
                0x0000000008000830                I2C2_EV_IRQHandler
                0x0000000008000830                ADC1_2_IRQHandler
                0x0000000008000830                SPI1_IRQHandler
                0x0000000008000830                TAMPER_IRQHandler
                0x0000000008000830                DMA1_Channel4_IRQHandler
                0x0000000008000830                USART3_IRQHandler
                0x0000000008000830                RTC_IRQHandler
                0x0000000008000830                DMA1_Channel7_IRQHandler
                0x0000000008000830                CAN1_RX1_IRQHandler
                0x0000000008000830                TIM4_IRQHandler
                0x0000000008000830                I2C1_EV_IRQHandler
                0x0000000008000830                DMA1_Channel6_IRQHandler
                0x0000000008000830                TIM3_IRQHandler
                0x0000000008000830                RCC_IRQHandler
                0x0000000008000830                TIM1_TRG_COM_IRQHandler
                0x0000000008000830                Default_Handler
                0x0000000008000830                EXTI15_10_IRQHandler
                0x0000000008000830                EXTI9_5_IRQHandler
                0x0000000008000830                SPI2_IRQHandler
                0x0000000008000830                DMA1_Channel5_IRQHandler
                0x0000000008000830                EXTI4_IRQHandler
                0x0000000008000830                USB_HP_CAN1_TX_IRQHandler
                0x0000000008000830                DMA1_Channel3_IRQHandler
                0x0000000008000830                TIM1_UP_IRQHandler
                0x0000000008000830                WWDG_IRQHandler
                0x0000000008000830                TIM2_IRQHandler
                0x0000000008000830                TIM1_BRK_IRQHandler
                0x0000000008000830                EXTI1_IRQHandler
                0x0000000008000830                USART2_IRQHandler
                0x0000000008000830                I2C2_ER_IRQHandler
                0x0000000008000830                DMA1_Channel2_IRQHandler
                0x0000000008000830                CAN1_SCE_IRQHandler
                0x0000000008000830                FLASH_IRQHandler
                0x0000000008000830                USART1_IRQHandler
                0x0000000008000830                I2C1_ER_IRQHandler
                0x0000000008000830                USBWakeUp_IRQHandler
 *fill*         0x0000000008000832        0x2 
 .text.HAL_Init
                0x0000000008000834       0x2c ./Drivers/STM32F1xx_HAL_Driver/Src/stm32f1xx_hal.o
                0x0000000008000834                HAL_Init
 .text.HAL_InitTick
                0x0000000008000860       0x60 ./Drivers/STM32F1xx_HAL_Driver/Src/stm32f1xx_hal.o
                0x0000000008000860                HAL_InitTick
 .text.HAL_IncTick
                0x00000000080008c0       0x24 ./Drivers/STM32F1xx_HAL_Driver/Src/stm32f1xx_hal.o
                0x00000000080008c0                HAL_IncTick
 .text.HAL_GetTick
                0x00000000080008e4       0x14 ./Drivers/STM32F1xx_HAL_Driver/Src/stm32f1xx_hal.o
                0x00000000080008e4                HAL_GetTick
 .text.HAL_ADC_Init
                0x00000000080008f8      0x1b0 ./Drivers/STM32F1xx_HAL_Driver/Src/stm32f1xx_hal_adc.o
                0x00000000080008f8                HAL_ADC_Init
 .text.HAL_ADC_Start
                0x0000000008000aa8      0x15c ./Drivers/STM32F1xx_HAL_Driver/Src/stm32f1xx_hal_adc.o
                0x0000000008000aa8                HAL_ADC_Start
 .text.HAL_ADC_Start_DMA
                0x0000000008000c04      0x1bc ./Drivers/STM32F1xx_HAL_Driver/Src/stm32f1xx_hal_adc.o
                0x0000000008000c04                HAL_ADC_Start_DMA
 .text.HAL_ADC_ConvCpltCallback
                0x0000000008000dc0       0x12 ./Drivers/STM32F1xx_HAL_Driver/Src/stm32f1xx_hal_adc.o
                0x0000000008000dc0                HAL_ADC_ConvCpltCallback
 .text.HAL_ADC_ConvHalfCpltCallback
                0x0000000008000dd2       0x12 ./Drivers/STM32F1xx_HAL_Driver/Src/stm32f1xx_hal_adc.o
                0x0000000008000dd2                HAL_ADC_ConvHalfCpltCallback
 .text.HAL_ADC_ErrorCallback
                0x0000000008000de4       0x12 ./Drivers/STM32F1xx_HAL_Driver/Src/stm32f1xx_hal_adc.o
                0x0000000008000de4                HAL_ADC_ErrorCallback
 *fill*         0x0000000008000df6        0x2 
 .text.HAL_ADC_ConfigChannel
                0x0000000008000df8      0x1f0 ./Drivers/STM32F1xx_HAL_Driver/Src/stm32f1xx_hal_adc.o
                0x0000000008000df8                HAL_ADC_ConfigChannel
 .text.ADC_Enable
                0x0000000008000fe8       0xb4 ./Drivers/STM32F1xx_HAL_Driver/Src/stm32f1xx_hal_adc.o
                0x0000000008000fe8                ADC_Enable
 .text.ADC_ConversionStop_Disable
                0x000000000800109c       0x82 ./Drivers/STM32F1xx_HAL_Driver/Src/stm32f1xx_hal_adc.o
                0x000000000800109c                ADC_ConversionStop_Disable
 .text.ADC_DMAConvCplt
                0x000000000800111e       0x7c ./Drivers/STM32F1xx_HAL_Driver/Src/stm32f1xx_hal_adc.o
                0x000000000800111e                ADC_DMAConvCplt
 .text.ADC_DMAHalfConvCplt
                0x000000000800119a       0x1c ./Drivers/STM32F1xx_HAL_Driver/Src/stm32f1xx_hal_adc.o
                0x000000000800119a                ADC_DMAHalfConvCplt
 .text.ADC_DMAError
                0x00000000080011b6       0x34 ./Drivers/STM32F1xx_HAL_Driver/Src/stm32f1xx_hal_adc.o
                0x00000000080011b6                ADC_DMAError
 *fill*         0x00000000080011ea        0x2 
 .text.__NVIC_SetPriorityGrouping
                0x00000000080011ec       0x48 ./Drivers/STM32F1xx_HAL_Driver/Src/stm32f1xx_hal_cortex.o
 .text.__NVIC_GetPriorityGrouping
                0x0000000008001234       0x1c ./Drivers/STM32F1xx_HAL_Driver/Src/stm32f1xx_hal_cortex.o
 .text.__NVIC_EnableIRQ
                0x0000000008001250       0x38 ./Drivers/STM32F1xx_HAL_Driver/Src/stm32f1xx_hal_cortex.o
 .text.__NVIC_SetPriority
                0x0000000008001288       0x54 ./Drivers/STM32F1xx_HAL_Driver/Src/stm32f1xx_hal_cortex.o
 .text.NVIC_EncodePriority
                0x00000000080012dc       0x64 ./Drivers/STM32F1xx_HAL_Driver/Src/stm32f1xx_hal_cortex.o
 .text.SysTick_Config
                0x0000000008001340       0x44 ./Drivers/STM32F1xx_HAL_Driver/Src/stm32f1xx_hal_cortex.o
 .text.HAL_NVIC_SetPriorityGrouping
                0x0000000008001384       0x16 ./Drivers/STM32F1xx_HAL_Driver/Src/stm32f1xx_hal_cortex.o
                0x0000000008001384                HAL_NVIC_SetPriorityGrouping
 .text.HAL_NVIC_SetPriority
                0x000000000800139a       0x38 ./Drivers/STM32F1xx_HAL_Driver/Src/stm32f1xx_hal_cortex.o
                0x000000000800139a                HAL_NVIC_SetPriority
 .text.HAL_NVIC_EnableIRQ
                0x00000000080013d2       0x1c ./Drivers/STM32F1xx_HAL_Driver/Src/stm32f1xx_hal_cortex.o
                0x00000000080013d2                HAL_NVIC_EnableIRQ
 .text.HAL_SYSTICK_Config
                0x00000000080013ee       0x18 ./Drivers/STM32F1xx_HAL_Driver/Src/stm32f1xx_hal_cortex.o
                0x00000000080013ee                HAL_SYSTICK_Config
 *fill*         0x0000000008001406        0x2 
 .text.HAL_DMA_Init
                0x0000000008001408       0xb4 ./Drivers/STM32F1xx_HAL_Driver/Src/stm32f1xx_hal_dma.o
                0x0000000008001408                HAL_DMA_Init
 .text.HAL_DMA_Start_IT
                0x00000000080014bc       0xbe ./Drivers/STM32F1xx_HAL_Driver/Src/stm32f1xx_hal_dma.o
                0x00000000080014bc                HAL_DMA_Start_IT
 *fill*         0x000000000800157a        0x2 
 .text.HAL_DMA_IRQHandler
                0x000000000800157c      0x20c ./Drivers/STM32F1xx_HAL_Driver/Src/stm32f1xx_hal_dma.o
                0x000000000800157c                HAL_DMA_IRQHandler
 .text.DMA_SetConfig
                0x0000000008001788       0x5a ./Drivers/STM32F1xx_HAL_Driver/Src/stm32f1xx_hal_dma.o
 *fill*         0x00000000080017e2        0x2 
 .text.HAL_GPIO_Init
                0x00000000080017e4      0x308 ./Drivers/STM32F1xx_HAL_Driver/Src/stm32f1xx_hal_gpio.o
                0x00000000080017e4                HAL_GPIO_Init
 .text.HAL_GPIO_WritePin
                0x0000000008001aec       0x30 ./Drivers/STM32F1xx_HAL_Driver/Src/stm32f1xx_hal_gpio.o
                0x0000000008001aec                HAL_GPIO_WritePin
 .text.HAL_GPIO_TogglePin
                0x0000000008001b1c       0x32 ./Drivers/STM32F1xx_HAL_Driver/Src/stm32f1xx_hal_gpio.o
                0x0000000008001b1c                HAL_GPIO_TogglePin
 .text.HAL_PCD_Init
                0x0000000008001b4e      0x216 ./Drivers/STM32F1xx_HAL_Driver/Src/stm32f1xx_hal_pcd.o
                0x0000000008001b4e                HAL_PCD_Init
 .text.HAL_PCD_Start
                0x0000000008001d64       0x4c ./Drivers/STM32F1xx_HAL_Driver/Src/stm32f1xx_hal_pcd.o
                0x0000000008001d64                HAL_PCD_Start
 .text.HAL_PCD_IRQHandler
                0x0000000008001db0      0x2aa ./Drivers/STM32F1xx_HAL_Driver/Src/stm32f1xx_hal_pcd.o
                0x0000000008001db0                HAL_PCD_IRQHandler
 .text.HAL_PCD_SetAddress
                0x000000000800205a       0x4a ./Drivers/STM32F1xx_HAL_Driver/Src/stm32f1xx_hal_pcd.o
                0x000000000800205a                HAL_PCD_SetAddress
 .text.HAL_PCD_EP_Open
                0x00000000080020a4       0xcc ./Drivers/STM32F1xx_HAL_Driver/Src/stm32f1xx_hal_pcd.o
                0x00000000080020a4                HAL_PCD_EP_Open
 .text.HAL_PCD_EP_Close
                0x0000000008002170       0x90 ./Drivers/STM32F1xx_HAL_Driver/Src/stm32f1xx_hal_pcd.o
                0x0000000008002170                HAL_PCD_EP_Close
 .text.HAL_PCD_EP_Receive
                0x0000000008002200       0x7a ./Drivers/STM32F1xx_HAL_Driver/Src/stm32f1xx_hal_pcd.o
                0x0000000008002200                HAL_PCD_EP_Receive
 .text.HAL_PCD_EP_GetRxCount
                0x000000000800227a       0x2e ./Drivers/STM32F1xx_HAL_Driver/Src/stm32f1xx_hal_pcd.o
                0x000000000800227a                HAL_PCD_EP_GetRxCount
 .text.HAL_PCD_EP_Transmit
                0x00000000080022a8       0x86 ./Drivers/STM32F1xx_HAL_Driver/Src/stm32f1xx_hal_pcd.o
                0x00000000080022a8                HAL_PCD_EP_Transmit
 .text.HAL_PCD_EP_SetStall
                0x000000000800232e       0xc0 ./Drivers/STM32F1xx_HAL_Driver/Src/stm32f1xx_hal_pcd.o
                0x000000000800232e                HAL_PCD_EP_SetStall
 .text.HAL_PCD_EP_ClrStall
                0x00000000080023ee       0xa8 ./Drivers/STM32F1xx_HAL_Driver/Src/stm32f1xx_hal_pcd.o
                0x00000000080023ee                HAL_PCD_EP_ClrStall
 .text.PCD_EP_ISR_Handler
                0x0000000008002496      0x600 ./Drivers/STM32F1xx_HAL_Driver/Src/stm32f1xx_hal_pcd.o
 .text.HAL_PCD_EP_DB_Receive
                0x0000000008002a96      0x21a ./Drivers/STM32F1xx_HAL_Driver/Src/stm32f1xx_hal_pcd.o
 .text.HAL_PCD_EP_DB_Transmit
                0x0000000008002cb0      0x7a4 ./Drivers/STM32F1xx_HAL_Driver/Src/stm32f1xx_hal_pcd.o
 .text.HAL_PCDEx_PMAConfig
                0x0000000008003454       0x84 ./Drivers/STM32F1xx_HAL_Driver/Src/stm32f1xx_hal_pcd_ex.o
                0x0000000008003454                HAL_PCDEx_PMAConfig
 .text.HAL_RCC_OscConfig
                0x00000000080034d8      0x500 ./Drivers/STM32F1xx_HAL_Driver/Src/stm32f1xx_hal_rcc.o
                0x00000000080034d8                HAL_RCC_OscConfig
 .text.HAL_RCC_ClockConfig
                0x00000000080039d8      0x1d4 ./Drivers/STM32F1xx_HAL_Driver/Src/stm32f1xx_hal_rcc.o
                0x00000000080039d8                HAL_RCC_ClockConfig
 .text.HAL_RCC_GetSysClockFreq
                0x0000000008003bac       0xc0 ./Drivers/STM32F1xx_HAL_Driver/Src/stm32f1xx_hal_rcc.o
                0x0000000008003bac                HAL_RCC_GetSysClockFreq
 .text.RCC_Delay
                0x0000000008003c6c       0x3c ./Drivers/STM32F1xx_HAL_Driver/Src/stm32f1xx_hal_rcc.o
 .text.HAL_RCCEx_PeriphCLKConfig
                0x0000000008003ca8      0x16c ./Drivers/STM32F1xx_HAL_Driver/Src/stm32f1xx_hal_rcc_ex.o
                0x0000000008003ca8                HAL_RCCEx_PeriphCLKConfig
 .text.USB_CoreInit
                0x0000000008003e14       0x20 ./Drivers/STM32F1xx_HAL_Driver/Src/stm32f1xx_ll_usb.o
                0x0000000008003e14                USB_CoreInit
 .text.USB_EnableGlobalInt
                0x0000000008003e34       0x2c ./Drivers/STM32F1xx_HAL_Driver/Src/stm32f1xx_ll_usb.o
                0x0000000008003e34                USB_EnableGlobalInt
 .text.USB_DisableGlobalInt
                0x0000000008003e60       0x34 ./Drivers/STM32F1xx_HAL_Driver/Src/stm32f1xx_ll_usb.o
                0x0000000008003e60                USB_DisableGlobalInt
 .text.USB_SetCurrentMode
                0x0000000008003e94       0x18 ./Drivers/STM32F1xx_HAL_Driver/Src/stm32f1xx_ll_usb.o
                0x0000000008003e94                USB_SetCurrentMode
 .text.USB_DevInit
                0x0000000008003eac       0x40 ./Drivers/STM32F1xx_HAL_Driver/Src/stm32f1xx_ll_usb.o
                0x0000000008003eac                USB_DevInit
 .text.USB_ActivateEndpoint
                0x0000000008003eec      0x6d4 ./Drivers/STM32F1xx_HAL_Driver/Src/stm32f1xx_ll_usb.o
                0x0000000008003eec                USB_ActivateEndpoint
 .text.USB_DeactivateEndpoint
                0x00000000080045c0      0x3d8 ./Drivers/STM32F1xx_HAL_Driver/Src/stm32f1xx_ll_usb.o
                0x00000000080045c0                USB_DeactivateEndpoint
 .text.USB_EPStartXfer
                0x0000000008004998     0x15ee ./Drivers/STM32F1xx_HAL_Driver/Src/stm32f1xx_ll_usb.o
                0x0000000008004998                USB_EPStartXfer
 .text.USB_EPSetStall
                0x0000000008005f86       0xa0 ./Drivers/STM32F1xx_HAL_Driver/Src/stm32f1xx_ll_usb.o
                0x0000000008005f86                USB_EPSetStall
 .text.USB_EPClearStall
                0x0000000008006026      0x15a ./Drivers/STM32F1xx_HAL_Driver/Src/stm32f1xx_ll_usb.o
                0x0000000008006026                USB_EPClearStall
 .text.USB_SetDevAddress
                0x0000000008006180       0x26 ./Drivers/STM32F1xx_HAL_Driver/Src/stm32f1xx_ll_usb.o
                0x0000000008006180                USB_SetDevAddress
 .text.USB_DevConnect
                0x00000000080061a6       0x14 ./Drivers/STM32F1xx_HAL_Driver/Src/stm32f1xx_ll_usb.o
                0x00000000080061a6                USB_DevConnect
 .text.USB_DevDisconnect
                0x00000000080061ba       0x14 ./Drivers/STM32F1xx_HAL_Driver/Src/stm32f1xx_ll_usb.o
                0x00000000080061ba                USB_DevDisconnect
 .text.USB_ReadInterrupts
                0x00000000080061ce       0x1e ./Drivers/STM32F1xx_HAL_Driver/Src/stm32f1xx_ll_usb.o
                0x00000000080061ce                USB_ReadInterrupts
 .text.USB_EP0_OutStart
                0x00000000080061ec       0x16 ./Drivers/STM32F1xx_HAL_Driver/Src/stm32f1xx_ll_usb.o
                0x00000000080061ec                USB_EP0_OutStart
 .text.USB_WritePMA
                0x0000000008006202       0x8a ./Drivers/STM32F1xx_HAL_Driver/Src/stm32f1xx_ll_usb.o
                0x0000000008006202                USB_WritePMA
 .text.USB_ReadPMA
                0x000000000800628c       0x9e ./Drivers/STM32F1xx_HAL_Driver/Src/stm32f1xx_ll_usb.o
                0x000000000800628c                USB_ReadPMA
 .text.USBD_CDC_Init
                0x000000000800632a       0xf4 ./Middlewares/ST/STM32_USB_Device_Library/Class/CDC/Src/usbd_cdc.o
 .text.USBD_CDC_DeInit
                0x000000000800641e       0x6e ./Middlewares/ST/STM32_USB_Device_Library/Class/CDC/Src/usbd_cdc.o
 .text.USBD_CDC_Setup
                0x000000000800648c      0x146 ./Middlewares/ST/STM32_USB_Device_Library/Class/CDC/Src/usbd_cdc.o
 .text.USBD_CDC_DataIn
                0x00000000080065d2       0xa6 ./Middlewares/ST/STM32_USB_Device_Library/Class/CDC/Src/usbd_cdc.o
 .text.USBD_CDC_DataOut
                0x0000000008006678       0x56 ./Middlewares/ST/STM32_USB_Device_Library/Class/CDC/Src/usbd_cdc.o
 .text.USBD_CDC_EP0_RxReady
                0x00000000080066ce       0x50 ./Middlewares/ST/STM32_USB_Device_Library/Class/CDC/Src/usbd_cdc.o
 *fill*         0x000000000800671e        0x2 
 .text.USBD_CDC_GetFSCfgDesc
                0x0000000008006720       0x20 ./Middlewares/ST/STM32_USB_Device_Library/Class/CDC/Src/usbd_cdc.o
 .text.USBD_CDC_GetHSCfgDesc
                0x0000000008006740       0x20 ./Middlewares/ST/STM32_USB_Device_Library/Class/CDC/Src/usbd_cdc.o
 .text.USBD_CDC_GetOtherSpeedCfgDesc
                0x0000000008006760       0x20 ./Middlewares/ST/STM32_USB_Device_Library/Class/CDC/Src/usbd_cdc.o
 .text.USBD_CDC_GetDeviceQualifierDescriptor
                0x0000000008006780       0x20 ./Middlewares/ST/STM32_USB_Device_Library/Class/CDC/Src/usbd_cdc.o
                0x0000000008006780                USBD_CDC_GetDeviceQualifierDescriptor
 .text.USBD_CDC_RegisterInterface
                0x00000000080067a0       0x2c ./Middlewares/ST/STM32_USB_Device_Library/Class/CDC/Src/usbd_cdc.o
                0x00000000080067a0                USBD_CDC_RegisterInterface
 .text.USBD_CDC_SetTxBuffer
                0x00000000080067cc       0x32 ./Middlewares/ST/STM32_USB_Device_Library/Class/CDC/Src/usbd_cdc.o
                0x00000000080067cc                USBD_CDC_SetTxBuffer
 .text.USBD_CDC_SetRxBuffer
                0x00000000080067fe       0x26 ./Middlewares/ST/STM32_USB_Device_Library/Class/CDC/Src/usbd_cdc.o
                0x00000000080067fe                USBD_CDC_SetRxBuffer
 .text.USBD_CDC_TransmitPacket
                0x0000000008006824       0x5e ./Middlewares/ST/STM32_USB_Device_Library/Class/CDC/Src/usbd_cdc.o
                0x0000000008006824                USBD_CDC_TransmitPacket
 .text.USBD_CDC_ReceivePacket
                0x0000000008006882       0x54 ./Middlewares/ST/STM32_USB_Device_Library/Class/CDC/Src/usbd_cdc.o
                0x0000000008006882                USBD_CDC_ReceivePacket
 .text.USBD_Init
                0x00000000080068d6       0x56 ./Middlewares/ST/STM32_USB_Device_Library/Core/Src/usbd_core.o
                0x00000000080068d6                USBD_Init
 .text.USBD_RegisterClass
                0x000000000800692c       0x32 ./Middlewares/ST/STM32_USB_Device_Library/Core/Src/usbd_core.o
                0x000000000800692c                USBD_RegisterClass
 .text.USBD_Start
                0x000000000800695e       0x18 ./Middlewares/ST/STM32_USB_Device_Library/Core/Src/usbd_core.o
                0x000000000800695e                USBD_Start
 .text.USBD_RunTestMode
                0x0000000008006976       0x14 ./Middlewares/ST/STM32_USB_Device_Library/Core/Src/usbd_core.o
                0x0000000008006976                USBD_RunTestMode
 .text.USBD_SetClassConfig
                0x000000000800698a       0x3e ./Middlewares/ST/STM32_USB_Device_Library/Core/Src/usbd_core.o
                0x000000000800698a                USBD_SetClassConfig
 .text.USBD_ClrClassConfig
                0x00000000080069c8       0x26 ./Middlewares/ST/STM32_USB_Device_Library/Core/Src/usbd_core.o
                0x00000000080069c8                USBD_ClrClassConfig
 .text.USBD_LL_SetupStage
                0x00000000080069ee       0x9a ./Middlewares/ST/STM32_USB_Device_Library/Core/Src/usbd_core.o
                0x00000000080069ee                USBD_LL_SetupStage
 .text.USBD_LL_DataOutStage
                0x0000000008006a88       0xe2 ./Middlewares/ST/STM32_USB_Device_Library/Core/Src/usbd_core.o
                0x0000000008006a88                USBD_LL_DataOutStage
 .text.USBD_LL_DataInStage
                0x0000000008006b6a      0x14a ./Middlewares/ST/STM32_USB_Device_Library/Core/Src/usbd_core.o
                0x0000000008006b6a                USBD_LL_DataInStage
 .text.USBD_LL_Reset
                0x0000000008006cb4       0x82 ./Middlewares/ST/STM32_USB_Device_Library/Core/Src/usbd_core.o
                0x0000000008006cb4                USBD_LL_Reset
 .text.USBD_LL_SetSpeed
                0x0000000008006d36       0x1e ./Middlewares/ST/STM32_USB_Device_Library/Core/Src/usbd_core.o
                0x0000000008006d36                USBD_LL_SetSpeed
 .text.USBD_LL_Suspend
                0x0000000008006d54       0x28 ./Middlewares/ST/STM32_USB_Device_Library/Core/Src/usbd_core.o
                0x0000000008006d54                USBD_LL_Suspend
 .text.USBD_LL_Resume
                0x0000000008006d7c       0x2a ./Middlewares/ST/STM32_USB_Device_Library/Core/Src/usbd_core.o
                0x0000000008006d7c                USBD_LL_Resume
 .text.USBD_LL_SOF
                0x0000000008006da6       0x34 ./Middlewares/ST/STM32_USB_Device_Library/Core/Src/usbd_core.o
                0x0000000008006da6                USBD_LL_SOF
 *fill*         0x0000000008006dda        0x2 
 .text.USBD_StdDevReq
                0x0000000008006ddc       0xd4 ./Middlewares/ST/STM32_USB_Device_Library/Core/Src/usbd_ctlreq.o
                0x0000000008006ddc                USBD_StdDevReq
 .text.USBD_StdItfReq
                0x0000000008006eb0       0x90 ./Middlewares/ST/STM32_USB_Device_Library/Core/Src/usbd_ctlreq.o
                0x0000000008006eb0                USBD_StdItfReq
 .text.USBD_StdEPReq
                0x0000000008006f40      0x2c6 ./Middlewares/ST/STM32_USB_Device_Library/Core/Src/usbd_ctlreq.o
                0x0000000008006f40                USBD_StdEPReq
 *fill*         0x0000000008007206        0x2 
 .text.USBD_GetDescriptor
                0x0000000008007208      0x2d0 ./Middlewares/ST/STM32_USB_Device_Library/Core/Src/usbd_ctlreq.o
 .text.USBD_SetAddress
                0x00000000080074d8       0x86 ./Middlewares/ST/STM32_USB_Device_Library/Core/Src/usbd_ctlreq.o
 *fill*         0x000000000800755e        0x2 
 .text.USBD_SetConfig
                0x0000000008007560      0x11c ./Middlewares/ST/STM32_USB_Device_Library/Core/Src/usbd_ctlreq.o
 .text.USBD_GetConfig
                0x000000000800767c       0x6a ./Middlewares/ST/STM32_USB_Device_Library/Core/Src/usbd_ctlreq.o
 .text.USBD_GetStatus
                0x00000000080076e6       0x66 ./Middlewares/ST/STM32_USB_Device_Library/Core/Src/usbd_ctlreq.o
 .text.USBD_SetFeature
                0x000000000800774c       0x28 ./Middlewares/ST/STM32_USB_Device_Library/Core/Src/usbd_ctlreq.o
 .text.USBD_ClrFeature
                0x0000000008007774       0x42 ./Middlewares/ST/STM32_USB_Device_Library/Core/Src/usbd_ctlreq.o
 .text.USBD_ParseSetupRequest
                0x00000000080077b6       0x78 ./Middlewares/ST/STM32_USB_Device_Library/Core/Src/usbd_ctlreq.o
                0x00000000080077b6                USBD_ParseSetupRequest
 .text.USBD_CtlError
                0x000000000800782e       0x22 ./Middlewares/ST/STM32_USB_Device_Library/Core/Src/usbd_ctlreq.o
                0x000000000800782e                USBD_CtlError
 .text.USBD_GetString
                0x0000000008007850       0x84 ./Middlewares/ST/STM32_USB_Device_Library/Core/Src/usbd_ctlreq.o
                0x0000000008007850                USBD_GetString
 .text.USBD_GetLen
                0x00000000080078d4       0x2e ./Middlewares/ST/STM32_USB_Device_Library/Core/Src/usbd_ctlreq.o
 .text.USBD_CtlSendData
                0x0000000008007902       0x38 ./Middlewares/ST/STM32_USB_Device_Library/Core/Src/usbd_ioreq.o
                0x0000000008007902                USBD_CtlSendData
 .text.USBD_CtlContinueSendData
                0x000000000800793a       0x24 ./Middlewares/ST/STM32_USB_Device_Library/Core/Src/usbd_ioreq.o
                0x000000000800793a                USBD_CtlContinueSendData
 .text.USBD_CtlPrepareRx
                0x000000000800795e       0x3c ./Middlewares/ST/STM32_USB_Device_Library/Core/Src/usbd_ioreq.o
                0x000000000800795e                USBD_CtlPrepareRx
 .text.USBD_CtlContinueRx
                0x000000000800799a       0x24 ./Middlewares/ST/STM32_USB_Device_Library/Core/Src/usbd_ioreq.o
                0x000000000800799a                USBD_CtlContinueRx
 .text.USBD_CtlSendStatus
                0x00000000080079be       0x26 ./Middlewares/ST/STM32_USB_Device_Library/Core/Src/usbd_ioreq.o
                0x00000000080079be                USBD_CtlSendStatus
 .text.USBD_CtlReceiveStatus
                0x00000000080079e4       0x26 ./Middlewares/ST/STM32_USB_Device_Library/Core/Src/usbd_ioreq.o
                0x00000000080079e4                USBD_CtlReceiveStatus
 *fill*         0x0000000008007a0a        0x2 
 .text.MX_USB_DEVICE_Init
                0x0000000008007a0c       0x60 ./USB_DEVICE/App/usb_device.o
                0x0000000008007a0c                MX_USB_DEVICE_Init
 .text.CDC_Init_FS
                0x0000000008007a6c       0x28 ./USB_DEVICE/App/usbd_cdc_if.o
 .text.CDC_DeInit_FS
                0x0000000008007a94        0xe ./USB_DEVICE/App/usbd_cdc_if.o
 *fill*         0x0000000008007aa2        0x2 
 .text.CDC_Control_FS
                0x0000000008007aa4       0xbc ./USB_DEVICE/App/usbd_cdc_if.o
 .text.CDC_Receive_FS
                0x0000000008007b60       0x28 ./USB_DEVICE/App/usbd_cdc_if.o
 .text.CDC_Transmit_FS
                0x0000000008007b88       0x4c ./USB_DEVICE/App/usbd_cdc_if.o
                0x0000000008007b88                CDC_Transmit_FS
 .text.USBD_FS_DeviceDescriptor
                0x0000000008007bd4       0x24 ./USB_DEVICE/App/usbd_desc.o
                0x0000000008007bd4                USBD_FS_DeviceDescriptor
 .text.USBD_FS_LangIDStrDescriptor
                0x0000000008007bf8       0x24 ./USB_DEVICE/App/usbd_desc.o
                0x0000000008007bf8                USBD_FS_LangIDStrDescriptor
 .text.USBD_FS_ProductStrDescriptor
                0x0000000008007c1c       0x3c ./USB_DEVICE/App/usbd_desc.o
                0x0000000008007c1c                USBD_FS_ProductStrDescriptor
 .text.USBD_FS_ManufacturerStrDescriptor
                0x0000000008007c58       0x28 ./USB_DEVICE/App/usbd_desc.o
                0x0000000008007c58                USBD_FS_ManufacturerStrDescriptor
 .text.USBD_FS_SerialStrDescriptor
                0x0000000008007c80       0x24 ./USB_DEVICE/App/usbd_desc.o
                0x0000000008007c80                USBD_FS_SerialStrDescriptor
 .text.USBD_FS_ConfigStrDescriptor
                0x0000000008007ca4       0x3c ./USB_DEVICE/App/usbd_desc.o
                0x0000000008007ca4                USBD_FS_ConfigStrDescriptor
 .text.USBD_FS_InterfaceStrDescriptor
                0x0000000008007ce0       0x3c ./USB_DEVICE/App/usbd_desc.o
                0x0000000008007ce0                USBD_FS_InterfaceStrDescriptor
 .text.Get_SerialNum
                0x0000000008007d1c       0x58 ./USB_DEVICE/App/usbd_desc.o
 .text.IntToUnicode
                0x0000000008007d74       0x7c ./USB_DEVICE/App/usbd_desc.o
 .text.HAL_PCD_MspInit
                0x0000000008007df0       0x4c ./USB_DEVICE/Target/usbd_conf.o
                0x0000000008007df0                HAL_PCD_MspInit
 .text.HAL_PCD_SetupStageCallback
                0x0000000008007e3c       0x24 ./USB_DEVICE/Target/usbd_conf.o
                0x0000000008007e3c                HAL_PCD_SetupStageCallback
 .text.HAL_PCD_DataOutStageCallback
                0x0000000008007e60       0x36 ./USB_DEVICE/Target/usbd_conf.o
                0x0000000008007e60                HAL_PCD_DataOutStageCallback
 .text.HAL_PCD_DataInStageCallback
                0x0000000008007e96       0x34 ./USB_DEVICE/Target/usbd_conf.o
                0x0000000008007e96                HAL_PCD_DataInStageCallback
 .text.HAL_PCD_SOFCallback
                0x0000000008007eca       0x1c ./USB_DEVICE/Target/usbd_conf.o
                0x0000000008007eca                HAL_PCD_SOFCallback
 .text.HAL_PCD_ResetCallback
                0x0000000008007ee6       0x3c ./USB_DEVICE/Target/usbd_conf.o
                0x0000000008007ee6                HAL_PCD_ResetCallback
 *fill*         0x0000000008007f22        0x2 
 .text.HAL_PCD_SuspendCallback
                0x0000000008007f24       0x34 ./USB_DEVICE/Target/usbd_conf.o
                0x0000000008007f24                HAL_PCD_SuspendCallback
 .text.HAL_PCD_ResumeCallback
                0x0000000008007f58       0x1c ./USB_DEVICE/Target/usbd_conf.o
                0x0000000008007f58                HAL_PCD_ResumeCallback
 .text.USBD_LL_Init
                0x0000000008007f74       0xb4 ./USB_DEVICE/Target/usbd_conf.o
                0x0000000008007f74                USBD_LL_Init
 .text.USBD_LL_Start
                0x0000000008008028       0x36 ./USB_DEVICE/Target/usbd_conf.o
                0x0000000008008028                USBD_LL_Start
 .text.USBD_LL_OpenEP
                0x000000000800805e       0x4c ./USB_DEVICE/Target/usbd_conf.o
                0x000000000800805e                USBD_LL_OpenEP
 .text.USBD_LL_CloseEP
                0x00000000080080aa       0x3e ./USB_DEVICE/Target/usbd_conf.o
                0x00000000080080aa                USBD_LL_CloseEP
 .text.USBD_LL_StallEP
                0x00000000080080e8       0x3e ./USB_DEVICE/Target/usbd_conf.o
                0x00000000080080e8                USBD_LL_StallEP
 .text.USBD_LL_ClearStallEP
                0x0000000008008126       0x3e ./USB_DEVICE/Target/usbd_conf.o
                0x0000000008008126                USBD_LL_ClearStallEP
 .text.USBD_LL_IsStallEP
                0x0000000008008164       0x58 ./USB_DEVICE/Target/usbd_conf.o
                0x0000000008008164                USBD_LL_IsStallEP
 .text.USBD_LL_SetUSBAddress
                0x00000000080081bc       0x3e ./USB_DEVICE/Target/usbd_conf.o
                0x00000000080081bc                USBD_LL_SetUSBAddress
 .text.USBD_LL_Transmit
                0x00000000080081fa       0x46 ./USB_DEVICE/Target/usbd_conf.o
                0x00000000080081fa                USBD_LL_Transmit
 .text.USBD_LL_PrepareReceive
                0x0000000008008240       0x46 ./USB_DEVICE/Target/usbd_conf.o
                0x0000000008008240                USBD_LL_PrepareReceive
 .text.USBD_LL_GetRxDataSize
                0x0000000008008286       0x26 ./USB_DEVICE/Target/usbd_conf.o
                0x0000000008008286                USBD_LL_GetRxDataSize
 .text.USBD_static_malloc
                0x00000000080082ac       0x18 ./USB_DEVICE/Target/usbd_conf.o
                0x00000000080082ac                USBD_static_malloc
 .text.USBD_static_free
                0x00000000080082c4       0x12 ./USB_DEVICE/Target/usbd_conf.o
                0x00000000080082c4                USBD_static_free
 .text.HAL_PCDEx_SetConnectionState
                0x00000000080082d6       0x16 ./USB_DEVICE/Target/usbd_conf.o
                0x00000000080082d6                HAL_PCDEx_SetConnectionState
 .text.USBD_Get_USB_Status
                0x00000000080082ec       0x58 ./USB_DEVICE/Target/usbd_conf.o
 .text.__errno  0x0000000008008344        0xc c:/st/stm32cubeide_1.5.1/stm32cubeide/plugins/com.st.stm32cube.ide.mcu.externaltools.gnu-tools-for-stm32.9-2020-q2-update.win32_2.0.0.202105311346/tools/bin/../lib/gcc/arm-none-eabi/9.3.1/../../../../arm-none-eabi/lib/thumb/v7-m/nofp\libc_nano.a(lib_a-errno.o)
                0x0000000008008344                __errno
 .text.__libc_init_array
                0x0000000008008350       0x48 c:/st/stm32cubeide_1.5.1/stm32cubeide/plugins/com.st.stm32cube.ide.mcu.externaltools.gnu-tools-for-stm32.9-2020-q2-update.win32_2.0.0.202105311346/tools/bin/../lib/gcc/arm-none-eabi/9.3.1/../../../../arm-none-eabi/lib/thumb/v7-m/nofp\libc_nano.a(lib_a-init.o)
                0x0000000008008350                __libc_init_array
 .text.memset   0x0000000008008398       0x10 c:/st/stm32cubeide_1.5.1/stm32cubeide/plugins/com.st.stm32cube.ide.mcu.externaltools.gnu-tools-for-stm32.9-2020-q2-update.win32_2.0.0.202105311346/tools/bin/../lib/gcc/arm-none-eabi/9.3.1/../../../../arm-none-eabi/lib/thumb/v7-m/nofp\libc_nano.a(lib_a-memset.o)
                0x0000000008008398                memset
 .text.sprintf  0x00000000080083a8       0x40 c:/st/stm32cubeide_1.5.1/stm32cubeide/plugins/com.st.stm32cube.ide.mcu.externaltools.gnu-tools-for-stm32.9-2020-q2-update.win32_2.0.0.202105311346/tools/bin/../lib/gcc/arm-none-eabi/9.3.1/../../../../arm-none-eabi/lib/thumb/v7-m/nofp\libc_nano.a(lib_a-sprintf.o)
                0x00000000080083a8                siprintf
                0x00000000080083a8                sprintf
 .text.__ssputs_r
                0x00000000080083e8       0xb6 c:/st/stm32cubeide_1.5.1/stm32cubeide/plugins/com.st.stm32cube.ide.mcu.externaltools.gnu-tools-for-stm32.9-2020-q2-update.win32_2.0.0.202105311346/tools/bin/../lib/gcc/arm-none-eabi/9.3.1/../../../../arm-none-eabi/lib/thumb/v7-m/nofp\libc_nano.a(lib_a-nano-svfprintf.o)
                0x00000000080083e8                __ssputs_r
 *fill*         0x000000000800849e        0x2 
 .text._svfprintf_r
                0x00000000080084a0      0x200 c:/st/stm32cubeide_1.5.1/stm32cubeide/plugins/com.st.stm32cube.ide.mcu.externaltools.gnu-tools-for-stm32.9-2020-q2-update.win32_2.0.0.202105311346/tools/bin/../lib/gcc/arm-none-eabi/9.3.1/../../../../arm-none-eabi/lib/thumb/v7-m/nofp\libc_nano.a(lib_a-nano-svfprintf.o)
                0x00000000080084a0                _svfiprintf_r
                0x00000000080084a0                _svfprintf_r
 .text._printf_common
                0x00000000080086a0       0xde c:/st/stm32cubeide_1.5.1/stm32cubeide/plugins/com.st.stm32cube.ide.mcu.externaltools.gnu-tools-for-stm32.9-2020-q2-update.win32_2.0.0.202105311346/tools/bin/../lib/gcc/arm-none-eabi/9.3.1/../../../../arm-none-eabi/lib/thumb/v7-m/nofp\libc_nano.a(lib_a-nano-vfprintf_i.o)
                0x00000000080086a0                _printf_common
 *fill*         0x000000000800877e        0x2 
 .text._printf_i
                0x0000000008008780      0x24c c:/st/stm32cubeide_1.5.1/stm32cubeide/plugins/com.st.stm32cube.ide.mcu.externaltools.gnu-tools-for-stm32.9-2020-q2-update.win32_2.0.0.202105311346/tools/bin/../lib/gcc/arm-none-eabi/9.3.1/../../../../arm-none-eabi/lib/thumb/v7-m/nofp\libc_nano.a(lib_a-nano-vfprintf_i.o)
                0x0000000008008780                _printf_i
 .text.memchr   0x00000000080089cc       0x1c c:/st/stm32cubeide_1.5.1/stm32cubeide/plugins/com.st.stm32cube.ide.mcu.externaltools.gnu-tools-for-stm32.9-2020-q2-update.win32_2.0.0.202105311346/tools/bin/../lib/gcc/arm-none-eabi/9.3.1/../../../../arm-none-eabi/lib/thumb/v7-m/nofp\libc_nano.a(lib_a-memchr-stub.o)
                0x00000000080089cc                memchr
 .text.memcpy   0x00000000080089e8       0x1c c:/st/stm32cubeide_1.5.1/stm32cubeide/plugins/com.st.stm32cube.ide.mcu.externaltools.gnu-tools-for-stm32.9-2020-q2-update.win32_2.0.0.202105311346/tools/bin/../lib/gcc/arm-none-eabi/9.3.1/../../../../arm-none-eabi/lib/thumb/v7-m/nofp\libc_nano.a(lib_a-memcpy-stub.o)
                0x00000000080089e8                memcpy
 .text.memmove  0x0000000008008a04       0x34 c:/st/stm32cubeide_1.5.1/stm32cubeide/plugins/com.st.stm32cube.ide.mcu.externaltools.gnu-tools-for-stm32.9-2020-q2-update.win32_2.0.0.202105311346/tools/bin/../lib/gcc/arm-none-eabi/9.3.1/../../../../arm-none-eabi/lib/thumb/v7-m/nofp\libc_nano.a(lib_a-memmove.o)
                0x0000000008008a04                memmove
 .text._free_r  0x0000000008008a38       0x98 c:/st/stm32cubeide_1.5.1/stm32cubeide/plugins/com.st.stm32cube.ide.mcu.externaltools.gnu-tools-for-stm32.9-2020-q2-update.win32_2.0.0.202105311346/tools/bin/../lib/gcc/arm-none-eabi/9.3.1/../../../../arm-none-eabi/lib/thumb/v7-m/nofp\libc_nano.a(lib_a-nano-freer.o)
                0x0000000008008a38                _free_r
 .text._malloc_r
                0x0000000008008ad0       0xb4 c:/st/stm32cubeide_1.5.1/stm32cubeide/plugins/com.st.stm32cube.ide.mcu.externaltools.gnu-tools-for-stm32.9-2020-q2-update.win32_2.0.0.202105311346/tools/bin/../lib/gcc/arm-none-eabi/9.3.1/../../../../arm-none-eabi/lib/thumb/v7-m/nofp\libc_nano.a(lib_a-nano-mallocr.o)
                0x0000000008008ad0                _malloc_r
 .text._realloc_r
                0x0000000008008b84       0x4c c:/st/stm32cubeide_1.5.1/stm32cubeide/plugins/com.st.stm32cube.ide.mcu.externaltools.gnu-tools-for-stm32.9-2020-q2-update.win32_2.0.0.202105311346/tools/bin/../lib/gcc/arm-none-eabi/9.3.1/../../../../arm-none-eabi/lib/thumb/v7-m/nofp\libc_nano.a(lib_a-nano-reallocr.o)
                0x0000000008008b84                _realloc_r
 .text._sbrk_r  0x0000000008008bd0       0x20 c:/st/stm32cubeide_1.5.1/stm32cubeide/plugins/com.st.stm32cube.ide.mcu.externaltools.gnu-tools-for-stm32.9-2020-q2-update.win32_2.0.0.202105311346/tools/bin/../lib/gcc/arm-none-eabi/9.3.1/../../../../arm-none-eabi/lib/thumb/v7-m/nofp\libc_nano.a(lib_a-sbrkr.o)
                0x0000000008008bd0                _sbrk_r
 .text.__malloc_lock
                0x0000000008008bf0        0xc c:/st/stm32cubeide_1.5.1/stm32cubeide/plugins/com.st.stm32cube.ide.mcu.externaltools.gnu-tools-for-stm32.9-2020-q2-update.win32_2.0.0.202105311346/tools/bin/../lib/gcc/arm-none-eabi/9.3.1/../../../../arm-none-eabi/lib/thumb/v7-m/nofp\libc_nano.a(lib_a-mlock.o)
                0x0000000008008bf0                __malloc_lock
 .text.__malloc_unlock
                0x0000000008008bfc        0xc c:/st/stm32cubeide_1.5.1/stm32cubeide/plugins/com.st.stm32cube.ide.mcu.externaltools.gnu-tools-for-stm32.9-2020-q2-update.win32_2.0.0.202105311346/tools/bin/../lib/gcc/arm-none-eabi/9.3.1/../../../../arm-none-eabi/lib/thumb/v7-m/nofp\libc_nano.a(lib_a-mlock.o)
                0x0000000008008bfc                __malloc_unlock
 .text._malloc_usable_size_r
                0x0000000008008c08       0x10 c:/st/stm32cubeide_1.5.1/stm32cubeide/plugins/com.st.stm32cube.ide.mcu.externaltools.gnu-tools-for-stm32.9-2020-q2-update.win32_2.0.0.202105311346/tools/bin/../lib/gcc/arm-none-eabi/9.3.1/../../../../arm-none-eabi/lib/thumb/v7-m/nofp\libc_nano.a(lib_a-nano-msizer.o)
                0x0000000008008c08                _malloc_usable_size_r
 .text.__retarget_lock_acquire_recursive
                0x0000000008008c18        0x2 c:/st/stm32cubeide_1.5.1/stm32cubeide/plugins/com.st.stm32cube.ide.mcu.externaltools.gnu-tools-for-stm32.9-2020-q2-update.win32_2.0.0.202105311346/tools/bin/../lib/gcc/arm-none-eabi/9.3.1/../../../../arm-none-eabi/lib/thumb/v7-m/nofp\libc_nano.a(lib_a-lock.o)
                0x0000000008008c18                __retarget_lock_acquire_recursive
 .text.__retarget_lock_release_recursive
                0x0000000008008c1a        0x2 c:/st/stm32cubeide_1.5.1/stm32cubeide/plugins/com.st.stm32cube.ide.mcu.externaltools.gnu-tools-for-stm32.9-2020-q2-update.win32_2.0.0.202105311346/tools/bin/../lib/gcc/arm-none-eabi/9.3.1/../../../../arm-none-eabi/lib/thumb/v7-m/nofp\libc_nano.a(lib_a-lock.o)
                0x0000000008008c1a                __retarget_lock_release_recursive
 *(.glue_7)
 .glue_7        0x0000000008008c1c        0x0 linker stubs
 *(.glue_7t)
 .glue_7t       0x0000000008008c1c        0x0 linker stubs
 *(.eh_frame)
 .eh_frame      0x0000000008008c1c        0x0 c:/st/stm32cubeide_1.5.1/stm32cubeide/plugins/com.st.stm32cube.ide.mcu.externaltools.gnu-tools-for-stm32.9-2020-q2-update.win32_2.0.0.202105311346/tools/bin/../lib/gcc/arm-none-eabi/9.3.1/thumb/v7-m/nofp/crtbegin.o
 *(.init)
 .init          0x0000000008008c1c        0x4 c:/st/stm32cubeide_1.5.1/stm32cubeide/plugins/com.st.stm32cube.ide.mcu.externaltools.gnu-tools-for-stm32.9-2020-q2-update.win32_2.0.0.202105311346/tools/bin/../lib/gcc/arm-none-eabi/9.3.1/thumb/v7-m/nofp/crti.o
                0x0000000008008c1c                _init
 .init          0x0000000008008c20        0x8 c:/st/stm32cubeide_1.5.1/stm32cubeide/plugins/com.st.stm32cube.ide.mcu.externaltools.gnu-tools-for-stm32.9-2020-q2-update.win32_2.0.0.202105311346/tools/bin/../lib/gcc/arm-none-eabi/9.3.1/thumb/v7-m/nofp/crtn.o
 *(.fini)
 .fini          0x0000000008008c28        0x4 c:/st/stm32cubeide_1.5.1/stm32cubeide/plugins/com.st.stm32cube.ide.mcu.externaltools.gnu-tools-for-stm32.9-2020-q2-update.win32_2.0.0.202105311346/tools/bin/../lib/gcc/arm-none-eabi/9.3.1/thumb/v7-m/nofp/crti.o
                0x0000000008008c28                _fini
 .fini          0x0000000008008c2c        0x8 c:/st/stm32cubeide_1.5.1/stm32cubeide/plugins/com.st.stm32cube.ide.mcu.externaltools.gnu-tools-for-stm32.9-2020-q2-update.win32_2.0.0.202105311346/tools/bin/../lib/gcc/arm-none-eabi/9.3.1/thumb/v7-m/nofp/crtn.o
                0x0000000008008c34                . = ALIGN (0x4)
                0x0000000008008c34                _etext = .

.vfp11_veneer   0x0000000008008c34        0x0
 .vfp11_veneer  0x0000000008008c34        0x0 linker stubs

.v4_bx          0x0000000008008c34        0x0
 .v4_bx         0x0000000008008c34        0x0 linker stubs

.iplt           0x0000000008008c34        0x0
 .iplt          0x0000000008008c34        0x0 c:/st/stm32cubeide_1.5.1/stm32cubeide/plugins/com.st.stm32cube.ide.mcu.externaltools.gnu-tools-for-stm32.9-2020-q2-update.win32_2.0.0.202105311346/tools/bin/../lib/gcc/arm-none-eabi/9.3.1/thumb/v7-m/nofp/crtbegin.o

.rodata         0x0000000008008c34       0xc0
                0x0000000008008c34                . = ALIGN (0x4)
 *(.rodata)
 .rodata        0x0000000008008c34       0x22 ./Core/Src/main.o
 *fill*         0x0000000008008c56        0x2 
 .rodata        0x0000000008008c58       0x10 ./Drivers/STM32F1xx_HAL_Driver/Src/stm32f1xx_hal_rcc.o
 .rodata        0x0000000008008c68       0x46 ./USB_DEVICE/App/usbd_desc.o
 *(.rodata*)
 *fill*         0x0000000008008cae        0x2 
 .rodata.AHBPrescTable
                0x0000000008008cb0       0x10 ./Core/Src/system_stm32f1xx.o
                0x0000000008008cb0                AHBPrescTable
 .rodata._svfprintf_r.str1.1
                0x0000000008008cc0       0x11 c:/st/stm32cubeide_1.5.1/stm32cubeide/plugins/com.st.stm32cube.ide.mcu.externaltools.gnu-tools-for-stm32.9-2020-q2-update.win32_2.0.0.202105311346/tools/bin/../lib/gcc/arm-none-eabi/9.3.1/../../../../arm-none-eabi/lib/thumb/v7-m/nofp\libc_nano.a(lib_a-nano-svfprintf.o)
 .rodata._printf_i.str1.1
                0x0000000008008cd1       0x22 c:/st/stm32cubeide_1.5.1/stm32cubeide/plugins/com.st.stm32cube.ide.mcu.externaltools.gnu-tools-for-stm32.9-2020-q2-update.win32_2.0.0.202105311346/tools/bin/../lib/gcc/arm-none-eabi/9.3.1/../../../../arm-none-eabi/lib/thumb/v7-m/nofp\libc_nano.a(lib_a-nano-vfprintf_i.o)
                0x0000000008008cf4                . = ALIGN (0x4)
 *fill*         0x0000000008008cf3        0x1 

.rel.dyn        0x0000000008008cf4        0x0
 .rel.iplt      0x0000000008008cf4        0x0 c:/st/stm32cubeide_1.5.1/stm32cubeide/plugins/com.st.stm32cube.ide.mcu.externaltools.gnu-tools-for-stm32.9-2020-q2-update.win32_2.0.0.202105311346/tools/bin/../lib/gcc/arm-none-eabi/9.3.1/thumb/v7-m/nofp/crtbegin.o

.ARM.extab      0x0000000008008cf4        0x0
                0x0000000008008cf4                . = ALIGN (0x4)
 *(.ARM.extab* .gnu.linkonce.armextab.*)
                0x0000000008008cf4                . = ALIGN (0x4)

.ARM            0x0000000008008cf4        0x0
                0x0000000008008cf4                . = ALIGN (0x4)
                0x0000000008008cf4                __exidx_start = .
 *(.ARM.exidx*)
                0x0000000008008cf4                __exidx_end = .
                0x0000000008008cf4                . = ALIGN (0x4)

.preinit_array  0x0000000008008cf4        0x0
                0x0000000008008cf4                . = ALIGN (0x4)
                0x0000000008008cf4                PROVIDE (__preinit_array_start = .)
 *(.preinit_array*)
                0x0000000008008cf4                PROVIDE (__preinit_array_end = .)
                0x0000000008008cf4                . = ALIGN (0x4)

.init_array     0x0000000008008cf4        0x4
                0x0000000008008cf4                . = ALIGN (0x4)
                0x0000000008008cf4                PROVIDE (__init_array_start = .)
 *(SORT_BY_NAME(.init_array.*))
 *(.init_array*)
 .init_array    0x0000000008008cf4        0x4 c:/st/stm32cubeide_1.5.1/stm32cubeide/plugins/com.st.stm32cube.ide.mcu.externaltools.gnu-tools-for-stm32.9-2020-q2-update.win32_2.0.0.202105311346/tools/bin/../lib/gcc/arm-none-eabi/9.3.1/thumb/v7-m/nofp/crtbegin.o
                0x0000000008008cf8                PROVIDE (__init_array_end = .)
                0x0000000008008cf8                . = ALIGN (0x4)

.fini_array     0x0000000008008cf8        0x4
                0x0000000008008cf8                . = ALIGN (0x4)
                [!provide]                        PROVIDE (__fini_array_start = .)
 *(SORT_BY_NAME(.fini_array.*))
 *(.fini_array*)
 .fini_array    0x0000000008008cf8        0x4 c:/st/stm32cubeide_1.5.1/stm32cubeide/plugins/com.st.stm32cube.ide.mcu.externaltools.gnu-tools-for-stm32.9-2020-q2-update.win32_2.0.0.202105311346/tools/bin/../lib/gcc/arm-none-eabi/9.3.1/thumb/v7-m/nofp/crtbegin.o
                [!provide]                        PROVIDE (__fini_array_end = .)
                0x0000000008008cfc                . = ALIGN (0x4)
                0x0000000008008cfc                _sidata = LOADADDR (.data)

.data           0x0000000020000000      0x1e0 load address 0x0000000008008cfc
                0x0000000020000000                . = ALIGN (0x4)
                0x0000000020000000                _sdata = .
 *(.data)
 *(.data*)
 .data.SystemCoreClock
                0x0000000020000000        0x4 ./Core/Src/system_stm32f1xx.o
                0x0000000020000000                SystemCoreClock
 .data.uwTickPrio
                0x0000000020000004        0x4 ./Drivers/STM32F1xx_HAL_Driver/Src/stm32f1xx_hal.o
                0x0000000020000004                uwTickPrio
 .data.uwTickFreq
                0x0000000020000008        0x1 ./Drivers/STM32F1xx_HAL_Driver/Src/stm32f1xx_hal.o
                0x0000000020000008                uwTickFreq
 *fill*         0x0000000020000009        0x3 
 .data.USBD_CDC_DeviceQualifierDesc
                0x000000002000000c        0xa ./Middlewares/ST/STM32_USB_Device_Library/Class/CDC/Src/usbd_cdc.o
 *fill*         0x0000000020000016        0x2 
 .data.USBD_CDC
                0x0000000020000018       0x38 ./Middlewares/ST/STM32_USB_Device_Library/Class/CDC/Src/usbd_cdc.o
                0x0000000020000018                USBD_CDC
 .data.USBD_CDC_CfgHSDesc
                0x0000000020000050       0x43 ./Middlewares/ST/STM32_USB_Device_Library/Class/CDC/Src/usbd_cdc.o
                0x0000000020000050                USBD_CDC_CfgHSDesc
 *fill*         0x0000000020000093        0x1 
 .data.USBD_CDC_CfgFSDesc
                0x0000000020000094       0x43 ./Middlewares/ST/STM32_USB_Device_Library/Class/CDC/Src/usbd_cdc.o
                0x0000000020000094                USBD_CDC_CfgFSDesc
 *fill*         0x00000000200000d7        0x1 
 .data.USBD_CDC_OtherSpeedCfgDesc
                0x00000000200000d8       0x43 ./Middlewares/ST/STM32_USB_Device_Library/Class/CDC/Src/usbd_cdc.o
                0x00000000200000d8                USBD_CDC_OtherSpeedCfgDesc
 *fill*         0x000000002000011b        0x1 
 .data.USBD_Interface_fops_FS
                0x000000002000011c       0x10 ./USB_DEVICE/App/usbd_cdc_if.o
                0x000000002000011c                USBD_Interface_fops_FS
 .data.FS_Desc  0x000000002000012c       0x1c ./USB_DEVICE/App/usbd_desc.o
                0x000000002000012c                FS_Desc
 .data.USBD_FS_DeviceDesc
                0x0000000020000148       0x12 ./USB_DEVICE/App/usbd_desc.o
                0x0000000020000148                USBD_FS_DeviceDesc
 *fill*         0x000000002000015a        0x2 
 .data.USBD_LangIDDesc
                0x000000002000015c        0x4 ./USB_DEVICE/App/usbd_desc.o
                0x000000002000015c                USBD_LangIDDesc
 .data.USBD_StringSerial
                0x0000000020000160       0x1a ./USB_DEVICE/App/usbd_desc.o
                0x0000000020000160                USBD_StringSerial
 *fill*         0x000000002000017a        0x2 
 .data._impure_ptr
                0x000000002000017c        0x4 c:/st/stm32cubeide_1.5.1/stm32cubeide/plugins/com.st.stm32cube.ide.mcu.externaltools.gnu-tools-for-stm32.9-2020-q2-update.win32_2.0.0.202105311346/tools/bin/../lib/gcc/arm-none-eabi/9.3.1/../../../../arm-none-eabi/lib/thumb/v7-m/nofp\libc_nano.a(lib_a-impure.o)
                0x000000002000017c                _impure_ptr
 .data.impure_data
                0x0000000020000180       0x60 c:/st/stm32cubeide_1.5.1/stm32cubeide/plugins/com.st.stm32cube.ide.mcu.externaltools.gnu-tools-for-stm32.9-2020-q2-update.win32_2.0.0.202105311346/tools/bin/../lib/gcc/arm-none-eabi/9.3.1/../../../../arm-none-eabi/lib/thumb/v7-m/nofp\libc_nano.a(lib_a-impure.o)
                0x00000000200001e0                . = ALIGN (0x4)
                0x00000000200001e0                _edata = .

.igot.plt       0x00000000200001e0        0x0 load address 0x0000000008008edc
 .igot.plt      0x00000000200001e0        0x0 c:/st/stm32cubeide_1.5.1/stm32cubeide/plugins/com.st.stm32cube.ide.mcu.externaltools.gnu-tools-for-stm32.9-2020-q2-update.win32_2.0.0.202105311346/tools/bin/../lib/gcc/arm-none-eabi/9.3.1/thumb/v7-m/nofp/crtbegin.o
                0x00000000200001e0                . = ALIGN (0x4)

.bss            0x00000000200001e0     0x12e4 load address 0x0000000008008edc
                0x00000000200001e0                _sbss = .
                0x00000000200001e0                __bss_start__ = _sbss
 *(.bss)
 .bss           0x00000000200001e0       0x1c c:/st/stm32cubeide_1.5.1/stm32cubeide/plugins/com.st.stm32cube.ide.mcu.externaltools.gnu-tools-for-stm32.9-2020-q2-update.win32_2.0.0.202105311346/tools/bin/../lib/gcc/arm-none-eabi/9.3.1/thumb/v7-m/nofp/crtbegin.o
 *(.bss*)
 .bss.tick      0x00000000200001fc        0x4 ./Core/Src/main.o
                0x00000000200001fc                tick
 .bss.wait      0x0000000020000200        0x4 ./Core/Src/main.o
                0x0000000020000200                wait
 .bss.ADC1ConvertedValues
                0x0000000020000204       0x24 ./Core/Src/main.o
                0x0000000020000204                ADC1ConvertedValues
 .bss.heap_end.5222
                0x0000000020000228        0x4 ./Core/Src/sysmem.o
 .bss.cfgidx.7840
                0x000000002000022c        0x1 ./Middlewares/ST/STM32_USB_Device_Library/Core/Src/usbd_ctlreq.o
 *fill*         0x000000002000022d        0x3 
 .bss.mem.7910  0x0000000020000230      0x220 ./USB_DEVICE/Target/usbd_conf.o
 .bss.__malloc_free_list
                0x0000000020000450        0x4 c:/st/stm32cubeide_1.5.1/stm32cubeide/plugins/com.st.stm32cube.ide.mcu.externaltools.gnu-tools-for-stm32.9-2020-q2-update.win32_2.0.0.202105311346/tools/bin/../lib/gcc/arm-none-eabi/9.3.1/../../../../arm-none-eabi/lib/thumb/v7-m/nofp\libc_nano.a(lib_a-nano-mallocr.o)
                0x0000000020000450                __malloc_free_list
 .bss.__malloc_sbrk_start
                0x0000000020000454        0x4 c:/st/stm32cubeide_1.5.1/stm32cubeide/plugins/com.st.stm32cube.ide.mcu.externaltools.gnu-tools-for-stm32.9-2020-q2-update.win32_2.0.0.202105311346/tools/bin/../lib/gcc/arm-none-eabi/9.3.1/../../../../arm-none-eabi/lib/thumb/v7-m/nofp\libc_nano.a(lib_a-nano-mallocr.o)
                0x0000000020000454                __malloc_sbrk_start
 *(COMMON)
 COMMON         0x0000000020000458       0xd8 ./Core/Src/main.o
                0x0000000020000458                hadc1
                0x0000000020000488                hdma_adc1
                0x00000000200004cc                str_tx
 COMMON         0x0000000020000530        0x4 ./Drivers/STM32F1xx_HAL_Driver/Src/stm32f1xx_hal.o
                0x0000000020000530                uwTick
 COMMON         0x0000000020000534      0x2c4 ./USB_DEVICE/App/usb_device.o
                0x0000000020000534                hUsbDeviceFS
 COMMON         0x00000000200007f8      0x7d0 ./USB_DEVICE/App/usbd_cdc_if.o
                0x00000000200007f8                UserRxBufferFS
                0x0000000020000be0                UserTxBufferFS
 COMMON         0x0000000020000fc8      0x200 ./USB_DEVICE/App/usbd_desc.o
                0x0000000020000fc8                USBD_StrDesc
 COMMON         0x00000000200011c8      0x2ec ./USB_DEVICE/Target/usbd_conf.o
                0x00000000200011c8                hpcd_USB_FS
 COMMON         0x00000000200014b4        0x4 c:/st/stm32cubeide_1.5.1/stm32cubeide/plugins/com.st.stm32cube.ide.mcu.externaltools.gnu-tools-for-stm32.9-2020-q2-update.win32_2.0.0.202105311346/tools/bin/../lib/gcc/arm-none-eabi/9.3.1/../../../../arm-none-eabi/lib/thumb/v7-m/nofp\libc_nano.a(lib_a-reent.o)
                0x00000000200014b4                errno
 COMMON         0x00000000200014b8        0x9 c:/st/stm32cubeide_1.5.1/stm32cubeide/plugins/com.st.stm32cube.ide.mcu.externaltools.gnu-tools-for-stm32.9-2020-q2-update.win32_2.0.0.202105311346/tools/bin/../lib/gcc/arm-none-eabi/9.3.1/../../../../arm-none-eabi/lib/thumb/v7-m/nofp\libc_nano.a(lib_a-lock.o)
                0x00000000200014b8                __lock___atexit_recursive_mutex
                0x00000000200014b9                __lock___arc4random_mutex
                0x00000000200014ba                __lock___env_recursive_mutex
                0x00000000200014bb                __lock___sinit_recursive_mutex
                0x00000000200014bc                __lock___malloc_recursive_mutex
                0x00000000200014bd                __lock___at_quick_exit_mutex
                0x00000000200014be                __lock___dd_hash_mutex
                0x00000000200014bf                __lock___tz_mutex
                0x00000000200014c0                __lock___sfp_recursive_mutex
                0x00000000200014c4                . = ALIGN (0x4)
 *fill*         0x00000000200014c1        0x3 
                0x00000000200014c4                _ebss = .
                0x00000000200014c4                __bss_end__ = _ebss

._user_heap_stack
                0x00000000200014c4      0x604 load address 0x0000000008008edc
                0x00000000200014c8                . = ALIGN (0x8)
 *fill*         0x00000000200014c4        0x4 
                0x00000000200014c8                PROVIDE (end = .)
                [!provide]                        PROVIDE (_end = .)
                0x00000000200016c8                . = (. + _Min_Heap_Size)
 *fill*         0x00000000200014c8      0x200 
                0x0000000020001ac8                . = (. + _Min_Stack_Size)
 *fill*         0x00000000200016c8      0x400 
                0x0000000020001ac8                . = ALIGN (0x8)

/DISCARD/
 libc.a(*)
 libm.a(*)
 libgcc.a(*)

.ARM.attributes
                0x0000000000000000       0x29
 *(.ARM.attributes)
 .ARM.attributes
                0x0000000000000000       0x1d c:/st/stm32cubeide_1.5.1/stm32cubeide/plugins/com.st.stm32cube.ide.mcu.externaltools.gnu-tools-for-stm32.9-2020-q2-update.win32_2.0.0.202105311346/tools/bin/../lib/gcc/arm-none-eabi/9.3.1/thumb/v7-m/nofp/crti.o
 .ARM.attributes
                0x000000000000001d       0x2d c:/st/stm32cubeide_1.5.1/stm32cubeide/plugins/com.st.stm32cube.ide.mcu.externaltools.gnu-tools-for-stm32.9-2020-q2-update.win32_2.0.0.202105311346/tools/bin/../lib/gcc/arm-none-eabi/9.3.1/thumb/v7-m/nofp/crtbegin.o
 .ARM.attributes
                0x000000000000004a       0x2d ./Core/Src/main.o
 .ARM.attributes
                0x0000000000000077       0x2d ./Core/Src/stm32f1xx_hal_msp.o
 .ARM.attributes
                0x00000000000000a4       0x2d ./Core/Src/stm32f1xx_it.o
 .ARM.attributes
                0x00000000000000d1       0x2d ./Core/Src/sysmem.o
 .ARM.attributes
                0x00000000000000fe       0x2d ./Core/Src/system_stm32f1xx.o
 .ARM.attributes
                0x000000000000012b       0x21 ./Core/Startup/startup_stm32f103cbtx.o
 .ARM.attributes
                0x000000000000014c       0x2d ./Drivers/STM32F1xx_HAL_Driver/Src/stm32f1xx_hal.o
 .ARM.attributes
                0x0000000000000179       0x2d ./Drivers/STM32F1xx_HAL_Driver/Src/stm32f1xx_hal_adc.o
 .ARM.attributes
                0x00000000000001a6       0x2d ./Drivers/STM32F1xx_HAL_Driver/Src/stm32f1xx_hal_cortex.o
 .ARM.attributes
                0x00000000000001d3       0x2d ./Drivers/STM32F1xx_HAL_Driver/Src/stm32f1xx_hal_dma.o
 .ARM.attributes
                0x0000000000000200       0x2d ./Drivers/STM32F1xx_HAL_Driver/Src/stm32f1xx_hal_gpio.o
 .ARM.attributes
                0x000000000000022d       0x2d ./Drivers/STM32F1xx_HAL_Driver/Src/stm32f1xx_hal_pcd.o
 .ARM.attributes
                0x000000000000025a       0x2d ./Drivers/STM32F1xx_HAL_Driver/Src/stm32f1xx_hal_pcd_ex.o
 .ARM.attributes
                0x0000000000000287       0x2d ./Drivers/STM32F1xx_HAL_Driver/Src/stm32f1xx_hal_rcc.o
 .ARM.attributes
                0x00000000000002b4       0x2d ./Drivers/STM32F1xx_HAL_Driver/Src/stm32f1xx_hal_rcc_ex.o
 .ARM.attributes
                0x00000000000002e1       0x2d ./Drivers/STM32F1xx_HAL_Driver/Src/stm32f1xx_ll_usb.o
 .ARM.attributes
                0x000000000000030e       0x2d ./Middlewares/ST/STM32_USB_Device_Library/Class/CDC/Src/usbd_cdc.o
 .ARM.attributes
                0x000000000000033b       0x2d ./Middlewares/ST/STM32_USB_Device_Library/Core/Src/usbd_core.o
 .ARM.attributes
                0x0000000000000368       0x2d ./Middlewares/ST/STM32_USB_Device_Library/Core/Src/usbd_ctlreq.o
 .ARM.attributes
                0x0000000000000395       0x2d ./Middlewares/ST/STM32_USB_Device_Library/Core/Src/usbd_ioreq.o
 .ARM.attributes
                0x00000000000003c2       0x2d ./USB_DEVICE/App/usb_device.o
 .ARM.attributes
                0x00000000000003ef       0x2d ./USB_DEVICE/App/usbd_cdc_if.o
 .ARM.attributes
                0x000000000000041c       0x2d ./USB_DEVICE/App/usbd_desc.o
 .ARM.attributes
                0x0000000000000449       0x2d ./USB_DEVICE/Target/usbd_conf.o
 .ARM.attributes
                0x0000000000000476       0x2d c:/st/stm32cubeide_1.5.1/stm32cubeide/plugins/com.st.stm32cube.ide.mcu.externaltools.gnu-tools-for-stm32.9-2020-q2-update.win32_2.0.0.202105311346/tools/bin/../lib/gcc/arm-none-eabi/9.3.1/../../../../arm-none-eabi/lib/thumb/v7-m/nofp\libc_nano.a(lib_a-errno.o)
 .ARM.attributes
                0x00000000000004a3       0x2d c:/st/stm32cubeide_1.5.1/stm32cubeide/plugins/com.st.stm32cube.ide.mcu.externaltools.gnu-tools-for-stm32.9-2020-q2-update.win32_2.0.0.202105311346/tools/bin/../lib/gcc/arm-none-eabi/9.3.1/../../../../arm-none-eabi/lib/thumb/v7-m/nofp\libc_nano.a(lib_a-impure.o)
 .ARM.attributes
                0x00000000000004d0       0x2d c:/st/stm32cubeide_1.5.1/stm32cubeide/plugins/com.st.stm32cube.ide.mcu.externaltools.gnu-tools-for-stm32.9-2020-q2-update.win32_2.0.0.202105311346/tools/bin/../lib/gcc/arm-none-eabi/9.3.1/../../../../arm-none-eabi/lib/thumb/v7-m/nofp\libc_nano.a(lib_a-init.o)
 .ARM.attributes
                0x00000000000004fd       0x2d c:/st/stm32cubeide_1.5.1/stm32cubeide/plugins/com.st.stm32cube.ide.mcu.externaltools.gnu-tools-for-stm32.9-2020-q2-update.win32_2.0.0.202105311346/tools/bin/../lib/gcc/arm-none-eabi/9.3.1/../../../../arm-none-eabi/lib/thumb/v7-m/nofp\libc_nano.a(lib_a-memset.o)
 .ARM.attributes
                0x000000000000052a       0x2d c:/st/stm32cubeide_1.5.1/stm32cubeide/plugins/com.st.stm32cube.ide.mcu.externaltools.gnu-tools-for-stm32.9-2020-q2-update.win32_2.0.0.202105311346/tools/bin/../lib/gcc/arm-none-eabi/9.3.1/../../../../arm-none-eabi/lib/thumb/v7-m/nofp\libc_nano.a(lib_a-sprintf.o)
 .ARM.attributes
                0x0000000000000557       0x17 c:/st/stm32cubeide_1.5.1/stm32cubeide/plugins/com.st.stm32cube.ide.mcu.externaltools.gnu-tools-for-stm32.9-2020-q2-update.win32_2.0.0.202105311346/tools/bin/../lib/gcc/arm-none-eabi/9.3.1/../../../../arm-none-eabi/lib/thumb/v7-m/nofp\libc_nano.a(lib_a-strlen.o)
 .ARM.attributes
                0x000000000000056e       0x2d c:/st/stm32cubeide_1.5.1/stm32cubeide/plugins/com.st.stm32cube.ide.mcu.externaltools.gnu-tools-for-stm32.9-2020-q2-update.win32_2.0.0.202105311346/tools/bin/../lib/gcc/arm-none-eabi/9.3.1/../../../../arm-none-eabi/lib/thumb/v7-m/nofp\libc_nano.a(lib_a-nano-svfprintf.o)
 .ARM.attributes
                0x000000000000059b       0x2d c:/st/stm32cubeide_1.5.1/stm32cubeide/plugins/com.st.stm32cube.ide.mcu.externaltools.gnu-tools-for-stm32.9-2020-q2-update.win32_2.0.0.202105311346/tools/bin/../lib/gcc/arm-none-eabi/9.3.1/../../../../arm-none-eabi/lib/thumb/v7-m/nofp\libc_nano.a(lib_a-nano-vfprintf_i.o)
 .ARM.attributes
                0x00000000000005c8       0x2d c:/st/stm32cubeide_1.5.1/stm32cubeide/plugins/com.st.stm32cube.ide.mcu.externaltools.gnu-tools-for-stm32.9-2020-q2-update.win32_2.0.0.202105311346/tools/bin/../lib/gcc/arm-none-eabi/9.3.1/../../../../arm-none-eabi/lib/thumb/v7-m/nofp\libc_nano.a(lib_a-memchr-stub.o)
 .ARM.attributes
                0x00000000000005f5       0x2d c:/st/stm32cubeide_1.5.1/stm32cubeide/plugins/com.st.stm32cube.ide.mcu.externaltools.gnu-tools-for-stm32.9-2020-q2-update.win32_2.0.0.202105311346/tools/bin/../lib/gcc/arm-none-eabi/9.3.1/../../../../arm-none-eabi/lib/thumb/v7-m/nofp\libc_nano.a(lib_a-memcpy-stub.o)
 .ARM.attributes
                0x0000000000000622       0x2d c:/st/stm32cubeide_1.5.1/stm32cubeide/plugins/com.st.stm32cube.ide.mcu.externaltools.gnu-tools-for-stm32.9-2020-q2-update.win32_2.0.0.202105311346/tools/bin/../lib/gcc/arm-none-eabi/9.3.1/../../../../arm-none-eabi/lib/thumb/v7-m/nofp\libc_nano.a(lib_a-memmove.o)
 .ARM.attributes
                0x000000000000064f       0x2d c:/st/stm32cubeide_1.5.1/stm32cubeide/plugins/com.st.stm32cube.ide.mcu.externaltools.gnu-tools-for-stm32.9-2020-q2-update.win32_2.0.0.202105311346/tools/bin/../lib/gcc/arm-none-eabi/9.3.1/../../../../arm-none-eabi/lib/thumb/v7-m/nofp\libc_nano.a(lib_a-nano-freer.o)
 .ARM.attributes
                0x000000000000067c       0x2d c:/st/stm32cubeide_1.5.1/stm32cubeide/plugins/com.st.stm32cube.ide.mcu.externaltools.gnu-tools-for-stm32.9-2020-q2-update.win32_2.0.0.202105311346/tools/bin/../lib/gcc/arm-none-eabi/9.3.1/../../../../arm-none-eabi/lib/thumb/v7-m/nofp\libc_nano.a(lib_a-nano-mallocr.o)
 .ARM.attributes
                0x00000000000006a9       0x2d c:/st/stm32cubeide_1.5.1/stm32cubeide/plugins/com.st.stm32cube.ide.mcu.externaltools.gnu-tools-for-stm32.9-2020-q2-update.win32_2.0.0.202105311346/tools/bin/../lib/gcc/arm-none-eabi/9.3.1/../../../../arm-none-eabi/lib/thumb/v7-m/nofp\libc_nano.a(lib_a-nano-reallocr.o)
 .ARM.attributes
                0x00000000000006d6       0x2d c:/st/stm32cubeide_1.5.1/stm32cubeide/plugins/com.st.stm32cube.ide.mcu.externaltools.gnu-tools-for-stm32.9-2020-q2-update.win32_2.0.0.202105311346/tools/bin/../lib/gcc/arm-none-eabi/9.3.1/../../../../arm-none-eabi/lib/thumb/v7-m/nofp\libc_nano.a(lib_a-sbrkr.o)
 .ARM.attributes
                0x0000000000000703       0x2d c:/st/stm32cubeide_1.5.1/stm32cubeide/plugins/com.st.stm32cube.ide.mcu.externaltools.gnu-tools-for-stm32.9-2020-q2-update.win32_2.0.0.202105311346/tools/bin/../lib/gcc/arm-none-eabi/9.3.1/../../../../arm-none-eabi/lib/thumb/v7-m/nofp\libc_nano.a(lib_a-mlock.o)
 .ARM.attributes
                0x0000000000000730       0x2d c:/st/stm32cubeide_1.5.1/stm32cubeide/plugins/com.st.stm32cube.ide.mcu.externaltools.gnu-tools-for-stm32.9-2020-q2-update.win32_2.0.0.202105311346/tools/bin/../lib/gcc/arm-none-eabi/9.3.1/../../../../arm-none-eabi/lib/thumb/v7-m/nofp\libc_nano.a(lib_a-nano-msizer.o)
 .ARM.attributes
                0x000000000000075d       0x2d c:/st/stm32cubeide_1.5.1/stm32cubeide/plugins/com.st.stm32cube.ide.mcu.externaltools.gnu-tools-for-stm32.9-2020-q2-update.win32_2.0.0.202105311346/tools/bin/../lib/gcc/arm-none-eabi/9.3.1/../../../../arm-none-eabi/lib/thumb/v7-m/nofp\libc_nano.a(lib_a-reent.o)
 .ARM.attributes
                0x000000000000078a       0x2d c:/st/stm32cubeide_1.5.1/stm32cubeide/plugins/com.st.stm32cube.ide.mcu.externaltools.gnu-tools-for-stm32.9-2020-q2-update.win32_2.0.0.202105311346/tools/bin/../lib/gcc/arm-none-eabi/9.3.1/../../../../arm-none-eabi/lib/thumb/v7-m/nofp\libc_nano.a(lib_a-lock.o)
 .ARM.attributes
                0x00000000000007b7       0x1d c:/st/stm32cubeide_1.5.1/stm32cubeide/plugins/com.st.stm32cube.ide.mcu.externaltools.gnu-tools-for-stm32.9-2020-q2-update.win32_2.0.0.202105311346/tools/bin/../lib/gcc/arm-none-eabi/9.3.1/thumb/v7-m/nofp/crtn.o
OUTPUT(ADC.elf elf32-littlearm)
LOAD linker stubs
LOAD c:/st/stm32cubeide_1.5.1/stm32cubeide/plugins/com.st.stm32cube.ide.mcu.externaltools.gnu-tools-for-stm32.9-2020-q2-update.win32_2.0.0.202105311346/tools/bin/../lib/gcc/arm-none-eabi/9.3.1/../../../../arm-none-eabi/lib/thumb/v7-m/nofp\libc.a
LOAD c:/st/stm32cubeide_1.5.1/stm32cubeide/plugins/com.st.stm32cube.ide.mcu.externaltools.gnu-tools-for-stm32.9-2020-q2-update.win32_2.0.0.202105311346/tools/bin/../lib/gcc/arm-none-eabi/9.3.1/../../../../arm-none-eabi/lib/thumb/v7-m/nofp\libm.a
LOAD c:/st/stm32cubeide_1.5.1/stm32cubeide/plugins/com.st.stm32cube.ide.mcu.externaltools.gnu-tools-for-stm32.9-2020-q2-update.win32_2.0.0.202105311346/tools/bin/../lib/gcc/arm-none-eabi/9.3.1/thumb/v7-m/nofp\libgcc.a

.debug_info     0x0000000000000000    0x14617
 .debug_info    0x0000000000000000     0x152f ./Core/Src/main.o
 .debug_info    0x000000000000152f      0x90d ./Core/Src/stm32f1xx_hal_msp.o
 .debug_info    0x0000000000001e3c      0x932 ./Core/Src/stm32f1xx_it.o
 .debug_info    0x000000000000276e      0x9b5 ./Core/Src/sysmem.o
 .debug_info    0x0000000000003123      0x479 ./Core/Src/system_stm32f1xx.o
 .debug_info    0x000000000000359c       0x22 ./Core/Startup/startup_stm32f103cbtx.o
 .debug_info    0x00000000000035be      0x76a ./Drivers/STM32F1xx_HAL_Driver/Src/stm32f1xx_hal.o
 .debug_info    0x0000000000003d28      0xd2d ./Drivers/STM32F1xx_HAL_Driver/Src/stm32f1xx_hal_adc.o
 .debug_info    0x0000000000004a55      0xbdc ./Drivers/STM32F1xx_HAL_Driver/Src/stm32f1xx_hal_cortex.o
 .debug_info    0x0000000000005631      0x81e ./Drivers/STM32F1xx_HAL_Driver/Src/stm32f1xx_hal_dma.o
 .debug_info    0x0000000000005e4f      0x701 ./Drivers/STM32F1xx_HAL_Driver/Src/stm32f1xx_hal_gpio.o
 .debug_info    0x0000000000006550     0x1509 ./Drivers/STM32F1xx_HAL_Driver/Src/stm32f1xx_hal_pcd.o
 .debug_info    0x0000000000007a59      0x7fc ./Drivers/STM32F1xx_HAL_Driver/Src/stm32f1xx_hal_pcd_ex.o
 .debug_info    0x0000000000008255      0x88e ./Drivers/STM32F1xx_HAL_Driver/Src/stm32f1xx_hal_rcc.o
 .debug_info    0x0000000000008ae3      0x480 ./Drivers/STM32F1xx_HAL_Driver/Src/stm32f1xx_hal_rcc_ex.o
 .debug_info    0x0000000000008f63     0x19e6 ./Drivers/STM32F1xx_HAL_Driver/Src/stm32f1xx_ll_usb.o
 .debug_info    0x000000000000a949     0x193a ./Middlewares/ST/STM32_USB_Device_Library/Class/CDC/Src/usbd_cdc.o
 .debug_info    0x000000000000c283     0x12ef ./Middlewares/ST/STM32_USB_Device_Library/Core/Src/usbd_core.o
 .debug_info    0x000000000000d572     0x125c ./Middlewares/ST/STM32_USB_Device_Library/Core/Src/usbd_ctlreq.o
 .debug_info    0x000000000000e7ce     0x102e ./Middlewares/ST/STM32_USB_Device_Library/Core/Src/usbd_ioreq.o
 .debug_info    0x000000000000f7fc      0xf6b ./USB_DEVICE/App/usb_device.o
 .debug_info    0x0000000000010767     0x1140 ./USB_DEVICE/App/usbd_cdc_if.o
 .debug_info    0x00000000000118a7      0xde8 ./USB_DEVICE/App/usbd_desc.o
 .debug_info    0x000000000001268f     0x1f88 ./USB_DEVICE/Target/usbd_conf.o

.debug_abbrev   0x0000000000000000     0x3384
 .debug_abbrev  0x0000000000000000      0x29c ./Core/Src/main.o
 .debug_abbrev  0x000000000000029c      0x1ac ./Core/Src/stm32f1xx_hal_msp.o
 .debug_abbrev  0x0000000000000448      0x194 ./Core/Src/stm32f1xx_it.o
 .debug_abbrev  0x00000000000005dc      0x1e3 ./Core/Src/sysmem.o
 .debug_abbrev  0x00000000000007bf      0x14e ./Core/Src/system_stm32f1xx.o
 .debug_abbrev  0x000000000000090d       0x12 ./Core/Startup/startup_stm32f103cbtx.o
 .debug_abbrev  0x000000000000091f      0x1ed ./Drivers/STM32F1xx_HAL_Driver/Src/stm32f1xx_hal.o
 .debug_abbrev  0x0000000000000b0c      0x1fb ./Drivers/STM32F1xx_HAL_Driver/Src/stm32f1xx_hal_adc.o
 .debug_abbrev  0x0000000000000d07      0x313 ./Drivers/STM32F1xx_HAL_Driver/Src/stm32f1xx_hal_cortex.o
 .debug_abbrev  0x000000000000101a      0x228 ./Drivers/STM32F1xx_HAL_Driver/Src/stm32f1xx_hal_dma.o
 .debug_abbrev  0x0000000000001242      0x1e8 ./Drivers/STM32F1xx_HAL_Driver/Src/stm32f1xx_hal_gpio.o
 .debug_abbrev  0x000000000000142a      0x29e ./Drivers/STM32F1xx_HAL_Driver/Src/stm32f1xx_hal_pcd.o
 .debug_abbrev  0x00000000000016c8      0x1ac ./Drivers/STM32F1xx_HAL_Driver/Src/stm32f1xx_hal_pcd_ex.o
 .debug_abbrev  0x0000000000001874      0x273 ./Drivers/STM32F1xx_HAL_Driver/Src/stm32f1xx_hal_rcc.o
 .debug_abbrev  0x0000000000001ae7      0x193 ./Drivers/STM32F1xx_HAL_Driver/Src/stm32f1xx_hal_rcc_ex.o
 .debug_abbrev  0x0000000000001c7a      0x1fa ./Drivers/STM32F1xx_HAL_Driver/Src/stm32f1xx_ll_usb.o
 .debug_abbrev  0x0000000000001e74      0x2f6 ./Middlewares/ST/STM32_USB_Device_Library/Class/CDC/Src/usbd_cdc.o
 .debug_abbrev  0x000000000000216a      0x2a8 ./Middlewares/ST/STM32_USB_Device_Library/Core/Src/usbd_core.o
 .debug_abbrev  0x0000000000002412      0x2de ./Middlewares/ST/STM32_USB_Device_Library/Core/Src/usbd_ctlreq.o
 .debug_abbrev  0x00000000000026f0      0x20a ./Middlewares/ST/STM32_USB_Device_Library/Core/Src/usbd_ioreq.o
 .debug_abbrev  0x00000000000028fa      0x1e4 ./USB_DEVICE/App/usb_device.o
 .debug_abbrev  0x0000000000002ade      0x2bf ./USB_DEVICE/App/usbd_cdc_if.o
 .debug_abbrev  0x0000000000002d9d      0x2ca ./USB_DEVICE/App/usbd_desc.o
 .debug_abbrev  0x0000000000003067      0x31d ./USB_DEVICE/Target/usbd_conf.o

.debug_aranges  0x0000000000000000      0xc18
 .debug_aranges
                0x0000000000000000       0x48 ./Core/Src/main.o
 .debug_aranges
                0x0000000000000048       0x30 ./Core/Src/stm32f1xx_hal_msp.o
 .debug_aranges
                0x0000000000000078       0x70 ./Core/Src/stm32f1xx_it.o
 .debug_aranges
                0x00000000000000e8       0x20 ./Core/Src/sysmem.o
 .debug_aranges
                0x0000000000000108       0x28 ./Core/Src/system_stm32f1xx.o
 .debug_aranges
                0x0000000000000130       0x28 ./Core/Startup/startup_stm32f103cbtx.o
 .debug_aranges
                0x0000000000000158       0xe0 ./Drivers/STM32F1xx_HAL_Driver/Src/stm32f1xx_hal.o
 .debug_aranges
                0x0000000000000238       0xf0 ./Drivers/STM32F1xx_HAL_Driver/Src/stm32f1xx_hal_adc.o
 .debug_aranges
                0x0000000000000328      0x100 ./Drivers/STM32F1xx_HAL_Driver/Src/stm32f1xx_hal_cortex.o
 .debug_aranges
                0x0000000000000428       0x80 ./Drivers/STM32F1xx_HAL_Driver/Src/stm32f1xx_hal_dma.o
 .debug_aranges
                0x00000000000004a8       0x58 ./Drivers/STM32F1xx_HAL_Driver/Src/stm32f1xx_hal_gpio.o
 .debug_aranges
                0x0000000000000500      0x138 ./Drivers/STM32F1xx_HAL_Driver/Src/stm32f1xx_hal_pcd.o
 .debug_aranges
                0x0000000000000638       0x38 ./Drivers/STM32F1xx_HAL_Driver/Src/stm32f1xx_hal_pcd_ex.o
 .debug_aranges
                0x0000000000000670       0x90 ./Drivers/STM32F1xx_HAL_Driver/Src/stm32f1xx_hal_rcc.o
 .debug_aranges
                0x0000000000000700       0x30 ./Drivers/STM32F1xx_HAL_Driver/Src/stm32f1xx_hal_rcc_ex.o
 .debug_aranges
                0x0000000000000730       0xf0 ./Drivers/STM32F1xx_HAL_Driver/Src/stm32f1xx_ll_usb.o
 .debug_aranges
                0x0000000000000820       0x90 ./Middlewares/ST/STM32_USB_Device_Library/Class/CDC/Src/usbd_cdc.o
 .debug_aranges
                0x00000000000008b0       0xb8 ./Middlewares/ST/STM32_USB_Device_Library/Core/Src/usbd_core.o
 .debug_aranges
                0x0000000000000968       0x88 ./Middlewares/ST/STM32_USB_Device_Library/Core/Src/usbd_ctlreq.o
 .debug_aranges
                0x00000000000009f0       0x50 ./Middlewares/ST/STM32_USB_Device_Library/Core/Src/usbd_ioreq.o
 .debug_aranges
                0x0000000000000a40       0x20 ./USB_DEVICE/App/usb_device.o
 .debug_aranges
                0x0000000000000a60       0x40 ./USB_DEVICE/App/usbd_cdc_if.o
 .debug_aranges
                0x0000000000000aa0       0x60 ./USB_DEVICE/App/usbd_desc.o
 .debug_aranges
                0x0000000000000b00      0x118 ./USB_DEVICE/Target/usbd_conf.o

.debug_ranges   0x0000000000000000      0xaa0
 .debug_ranges  0x0000000000000000       0x38 ./Core/Src/main.o
 .debug_ranges  0x0000000000000038       0x20 ./Core/Src/stm32f1xx_hal_msp.o
 .debug_ranges  0x0000000000000058       0x60 ./Core/Src/stm32f1xx_it.o
 .debug_ranges  0x00000000000000b8       0x10 ./Core/Src/sysmem.o
 .debug_ranges  0x00000000000000c8       0x18 ./Core/Src/system_stm32f1xx.o
 .debug_ranges  0x00000000000000e0       0x20 ./Core/Startup/startup_stm32f103cbtx.o
 .debug_ranges  0x0000000000000100       0xd0 ./Drivers/STM32F1xx_HAL_Driver/Src/stm32f1xx_hal.o
 .debug_ranges  0x00000000000001d0       0xe0 ./Drivers/STM32F1xx_HAL_Driver/Src/stm32f1xx_hal_adc.o
 .debug_ranges  0x00000000000002b0       0xf0 ./Drivers/STM32F1xx_HAL_Driver/Src/stm32f1xx_hal_cortex.o
 .debug_ranges  0x00000000000003a0       0x70 ./Drivers/STM32F1xx_HAL_Driver/Src/stm32f1xx_hal_dma.o
 .debug_ranges  0x0000000000000410       0x48 ./Drivers/STM32F1xx_HAL_Driver/Src/stm32f1xx_hal_gpio.o
 .debug_ranges  0x0000000000000458      0x128 ./Drivers/STM32F1xx_HAL_Driver/Src/stm32f1xx_hal_pcd.o
 .debug_ranges  0x0000000000000580       0x28 ./Drivers/STM32F1xx_HAL_Driver/Src/stm32f1xx_hal_pcd_ex.o
 .debug_ranges  0x00000000000005a8       0x80 ./Drivers/STM32F1xx_HAL_Driver/Src/stm32f1xx_hal_rcc.o
 .debug_ranges  0x0000000000000628       0x20 ./Drivers/STM32F1xx_HAL_Driver/Src/stm32f1xx_hal_rcc_ex.o
 .debug_ranges  0x0000000000000648       0xe0 ./Drivers/STM32F1xx_HAL_Driver/Src/stm32f1xx_ll_usb.o
 .debug_ranges  0x0000000000000728       0x80 ./Middlewares/ST/STM32_USB_Device_Library/Class/CDC/Src/usbd_cdc.o
 .debug_ranges  0x00000000000007a8       0xa8 ./Middlewares/ST/STM32_USB_Device_Library/Core/Src/usbd_core.o
 .debug_ranges  0x0000000000000850       0x78 ./Middlewares/ST/STM32_USB_Device_Library/Core/Src/usbd_ctlreq.o
 .debug_ranges  0x00000000000008c8       0x40 ./Middlewares/ST/STM32_USB_Device_Library/Core/Src/usbd_ioreq.o
 .debug_ranges  0x0000000000000908       0x10 ./USB_DEVICE/App/usb_device.o
 .debug_ranges  0x0000000000000918       0x30 ./USB_DEVICE/App/usbd_cdc_if.o
 .debug_ranges  0x0000000000000948       0x50 ./USB_DEVICE/App/usbd_desc.o
 .debug_ranges  0x0000000000000998      0x108 ./USB_DEVICE/Target/usbd_conf.o

.debug_macro    0x0000000000000000    0x1a60b
 .debug_macro   0x0000000000000000      0x3b6 ./Core/Src/main.o
 .debug_macro   0x00000000000003b6      0xa9c ./Core/Src/main.o
 .debug_macro   0x0000000000000e52      0x221 ./Core/Src/main.o
 .debug_macro   0x0000000000001073       0x2e ./Core/Src/main.o
 .debug_macro   0x00000000000010a1       0x22 ./Core/Src/main.o
 .debug_macro   0x00000000000010c3       0x22 ./Core/Src/main.o
 .debug_macro   0x00000000000010e5       0x8e ./Core/Src/main.o
 .debug_macro   0x0000000000001173       0x51 ./Core/Src/main.o
 .debug_macro   0x00000000000011c4      0x103 ./Core/Src/main.o
 .debug_macro   0x00000000000012c7       0x6a ./Core/Src/main.o
 .debug_macro   0x0000000000001331      0x1df ./Core/Src/main.o
 .debug_macro   0x0000000000001510       0x1c ./Core/Src/main.o
 .debug_macro   0x000000000000152c       0x22 ./Core/Src/main.o
 .debug_macro   0x000000000000154e       0xc3 ./Core/Src/main.o
 .debug_macro   0x0000000000001611      0xd23 ./Core/Src/main.o
 .debug_macro   0x0000000000002334     0xe09e ./Core/Src/main.o
 .debug_macro   0x00000000000103d2       0x6d ./Core/Src/main.o
 .debug_macro   0x000000000001043f     0x3468 ./Core/Src/main.o
 .debug_macro   0x00000000000138a7      0x174 ./Core/Src/main.o
 .debug_macro   0x0000000000013a1b       0x5c ./Core/Src/main.o
 .debug_macro   0x0000000000013a77      0x5be ./Core/Src/main.o
 .debug_macro   0x0000000000014035      0x289 ./Core/Src/main.o
 .debug_macro   0x00000000000142be      0x1cb ./Core/Src/main.o
 .debug_macro   0x0000000000014489      0x114 ./Core/Src/main.o
 .debug_macro   0x000000000001459d      0x1b2 ./Core/Src/main.o
 .debug_macro   0x000000000001474f       0x27 ./Core/Src/main.o
 .debug_macro   0x0000000000014776      0x136 ./Core/Src/main.o
 .debug_macro   0x00000000000148ac      0x1bc ./Core/Src/main.o
 .debug_macro   0x0000000000014a68       0x34 ./Core/Src/main.o
 .debug_macro   0x0000000000014a9c       0x3c ./Core/Src/main.o
 .debug_macro   0x0000000000014ad8       0x57 ./Core/Src/main.o
 .debug_macro   0x0000000000014b2f      0x46a ./Core/Src/main.o
 .debug_macro   0x0000000000014f99      0x1b5 ./Core/Src/main.o
 .debug_macro   0x000000000001514e       0x88 ./Core/Src/main.o
 .debug_macro   0x00000000000151d6      0x241 ./Core/Src/main.o
 .debug_macro   0x0000000000015417      0x141 ./Core/Src/main.o
 .debug_macro   0x0000000000015558       0x65 ./Core/Src/main.o
 .debug_macro   0x00000000000155bd      0x249 ./Core/Src/main.o
 .debug_macro   0x0000000000015806       0x83 ./Core/Src/main.o
 .debug_macro   0x0000000000015889       0x1c ./Core/Src/main.o
 .debug_macro   0x00000000000158a5       0x52 ./Core/Src/main.o
 .debug_macro   0x00000000000158f7       0x18 ./Core/Src/main.o
 .debug_macro   0x000000000001590f       0x3c ./Core/Src/main.o
 .debug_macro   0x000000000001594b       0x34 ./Core/Src/main.o
 .debug_macro   0x000000000001597f       0x16 ./Core/Src/main.o
 .debug_macro   0x0000000000015995       0x35 ./Core/Src/main.o
 .debug_macro   0x00000000000159ca      0x333 ./Core/Src/main.o
 .debug_macro   0x0000000000015cfd       0x10 ./Core/Src/main.o
 .debug_macro   0x0000000000015d0d       0x16 ./Core/Src/main.o
 .debug_macro   0x0000000000015d23       0x43 ./Core/Src/main.o
 .debug_macro   0x0000000000015d66       0x34 ./Core/Src/main.o
 .debug_macro   0x0000000000015d9a       0x10 ./Core/Src/main.o
 .debug_macro   0x0000000000015daa       0x58 ./Core/Src/main.o
 .debug_macro   0x0000000000015e02       0x71 ./Core/Src/main.o
 .debug_macro   0x0000000000015e73       0x1c ./Core/Src/main.o
 .debug_macro   0x0000000000015e8f      0x12a ./Core/Src/main.o
 .debug_macro   0x0000000000015fb9       0x10 ./Core/Src/main.o
 .debug_macro   0x0000000000015fc9       0x1c ./Core/Src/main.o
 .debug_macro   0x0000000000015fe5       0x52 ./Core/Src/main.o
 .debug_macro   0x0000000000016037       0x22 ./Core/Src/main.o
 .debug_macro   0x0000000000016059       0x10 ./Core/Src/main.o
 .debug_macro   0x0000000000016069       0x40 ./Core/Src/main.o
 .debug_macro   0x00000000000160a9       0xd5 ./Core/Src/main.o
 .debug_macro   0x000000000001617e       0x1c ./Core/Src/main.o
 .debug_macro   0x000000000001619a       0x3d ./Core/Src/main.o
 .debug_macro   0x00000000000161d7       0x16 ./Core/Src/main.o
 .debug_macro   0x00000000000161ed      0x145 ./Core/Src/main.o
 .debug_macro   0x0000000000016332       0x16 ./Core/Src/main.o
 .debug_macro   0x0000000000016348       0x16 ./Core/Src/main.o
 .debug_macro   0x000000000001635e       0x29 ./Core/Src/main.o
 .debug_macro   0x0000000000016387       0x16 ./Core/Src/main.o
 .debug_macro   0x000000000001639d       0x20 ./Core/Src/main.o
 .debug_macro   0x00000000000163bd       0x60 ./Core/Src/main.o
 .debug_macro   0x000000000001641d      0x1c8 ./Core/Src/main.o
 .debug_macro   0x00000000000165e5      0x1cb ./Core/Src/stm32f1xx_hal_msp.o
 .debug_macro   0x00000000000167b0      0x1d5 ./Core/Src/stm32f1xx_it.o
 .debug_macro   0x0000000000016985      0x1b1 ./Core/Src/sysmem.o
 .debug_macro   0x0000000000016b36      0x23b ./Core/Src/sysmem.o
 .debug_macro   0x0000000000016d71      0x1c2 ./Core/Src/system_stm32f1xx.o
 .debug_macro   0x0000000000016f33      0x1e0 ./Drivers/STM32F1xx_HAL_Driver/Src/stm32f1xx_hal.o
 .debug_macro   0x0000000000017113      0x1d9 ./Drivers/STM32F1xx_HAL_Driver/Src/stm32f1xx_hal_adc.o
 .debug_macro   0x00000000000172ec      0x1bc ./Drivers/STM32F1xx_HAL_Driver/Src/stm32f1xx_hal_cortex.o
 .debug_macro   0x00000000000174a8      0x1bc ./Drivers/STM32F1xx_HAL_Driver/Src/stm32f1xx_hal_dma.o
 .debug_macro   0x0000000000017664      0x227 ./Drivers/STM32F1xx_HAL_Driver/Src/stm32f1xx_hal_gpio.o
 .debug_macro   0x000000000001788b      0x1c8 ./Drivers/STM32F1xx_HAL_Driver/Src/stm32f1xx_hal_pcd.o
 .debug_macro   0x0000000000017a53      0x1bc ./Drivers/STM32F1xx_HAL_Driver/Src/stm32f1xx_hal_pcd_ex.o
 .debug_macro   0x0000000000017c0f      0x1ce ./Drivers/STM32F1xx_HAL_Driver/Src/stm32f1xx_hal_rcc.o
 .debug_macro   0x0000000000017ddd      0x1bc ./Drivers/STM32F1xx_HAL_Driver/Src/stm32f1xx_hal_rcc_ex.o
 .debug_macro   0x0000000000017f99      0x1bc ./Drivers/STM32F1xx_HAL_Driver/Src/stm32f1xx_ll_usb.o
 .debug_macro   0x0000000000018155      0x3e1 ./Middlewares/ST/STM32_USB_Device_Library/Class/CDC/Src/usbd_cdc.o
 .debug_macro   0x0000000000018536       0x97 ./Middlewares/ST/STM32_USB_Device_Library/Class/CDC/Src/usbd_cdc.o
 .debug_macro   0x00000000000185cd       0xfd ./Middlewares/ST/STM32_USB_Device_Library/Class/CDC/Src/usbd_cdc.o
 .debug_macro   0x00000000000186ca       0xbd ./Middlewares/ST/STM32_USB_Device_Library/Class/CDC/Src/usbd_cdc.o
 .debug_macro   0x0000000000018787       0x56 ./Middlewares/ST/STM32_USB_Device_Library/Class/CDC/Src/usbd_cdc.o
 .debug_macro   0x00000000000187dd       0x8f ./Middlewares/ST/STM32_USB_Device_Library/Class/CDC/Src/usbd_cdc.o
 .debug_macro   0x000000000001886c      0x3c8 ./Middlewares/ST/STM32_USB_Device_Library/Core/Src/usbd_core.o
 .debug_macro   0x0000000000018c34      0x1ce ./Middlewares/ST/STM32_USB_Device_Library/Core/Src/usbd_core.o
 .debug_macro   0x0000000000018e02      0x3d2 ./Middlewares/ST/STM32_USB_Device_Library/Core/Src/usbd_ctlreq.o
 .debug_macro   0x00000000000191d4      0x3ce ./Middlewares/ST/STM32_USB_Device_Library/Core/Src/usbd_ioreq.o
 .debug_macro   0x00000000000195a2      0x401 ./USB_DEVICE/App/usb_device.o
 .debug_macro   0x00000000000199a3       0x22 ./USB_DEVICE/App/usb_device.o
 .debug_macro   0x00000000000199c5       0x22 ./USB_DEVICE/App/usb_device.o
 .debug_macro   0x00000000000199e7       0x16 ./USB_DEVICE/App/usb_device.o
 .debug_macro   0x00000000000199fd      0x3f8 ./USB_DEVICE/App/usbd_cdc_if.o
 .debug_macro   0x0000000000019df5       0x10 ./USB_DEVICE/App/usbd_cdc_if.o
 .debug_macro   0x0000000000019e05      0x405 ./USB_DEVICE/App/usbd_desc.o
 .debug_macro   0x000000000001a20a       0x1c ./USB_DEVICE/App/usbd_desc.o
 .debug_macro   0x000000000001a226      0x3e5 ./USB_DEVICE/Target/usbd_conf.o

.debug_line     0x0000000000000000    0x10661
 .debug_line    0x0000000000000000      0xb32 ./Core/Src/main.o
 .debug_line    0x0000000000000b32      0x725 ./Core/Src/stm32f1xx_hal_msp.o
 .debug_line    0x0000000000001257      0x798 ./Core/Src/stm32f1xx_it.o